10-21 04:54:06.761 D/OplusDisplayPowerControlBrightnessHelper( 1979): adjustment == 7000.0
10-21 04:54:06.780 D/CameraDelegate( 1979): setCameraBacklight false
10-21 04:54:06.780 D/OplusFeatureBrightnessBarController( 1979): isCameraMode:false
10-21 04:54:06.781 D/OplusFeatureBrightnessBarController( 1979): isCameraMode:false
10-21 04:54:06.781 D/OplusDisplayPowerControlBrightnessHelper( 1979): setTemporaryAutoBrightnessAdjustment = 7000.0
10-21 04:54:06.782 I/ColorAutomaticBrightnessController( 1979): updateAutoBrightness: Auto
10-21 04:54:06.782 I/ColorAutomaticBrightnessController( 1979): , sendUpdate = false, adjustment = 7000.0, AIBrightness = 948, adjustManualBright = 948
10-21 04:54:06.782 D/OplusDisplayPowerControllerExtImpl( 1979): original brightness to dataBase:879 final brightness:879.0 scale:1.0 reason:1 darkLevel:0
10-21 04:54:06.782 D/DisplayPowerController[0]( 1979): Animating brightness: target=879.0, rate=1600.0, source= 10
10-21 04:54:06.782 D/VRR [OPlusRefreshRateService]( 1979): notifyBrightnessChange brightness: 879.0
10-21 04:54:06.798 D/OplusDisplayPanelFeature( 1979): setDisplayPanelFeatureValue +++, ID:184, value:0
10-21 04:54:06.802 I/ActivityManager( 1979): Start proc 25830:com.android.chrome/u0a179 for pre-top-activity {com.android.chrome/com.google.android.apps.chrome.IntentDispatcher}
10-21 04:54:06.807 W/ActivityManager( 1979): Slow operation: 53ms so far, now at startProcess: done updating pids map
10-21 04:54:06.817 I/ActivityManager( 1979): Process com.oplus.stdid (pid 25767) has died: cch+5 CEM 
10-21 04:54:06.817 W/ContextImpl( 1979): Calling a method in the system process without a qualified user: android.app.ContextImpl.sendBroadcast:1175 com.android.server.am.OplusExtraActivityManagerService.setKeyLockModeNormal:51 com.android.server.am.ActivityManagerServiceExtImpl.setKeyLockModeNormal:851 com.android.server.am.ActivityManagerService.appDiedLocked:3387 com.android.server.am.ActivityManagerService$AppDeathRecipient.binderDied:1529 
10-21 04:54:06.819 W/CameraService_proxy( 1979): Could not connect to NFC service to notify it of camera state
10-21 04:54:06.819 W/ContextImpl( 1979): Calling a method in the system process without a qualified user: android.app.ContextImpl.sendBroadcast:1175 com.android.server.camera.OplusCameraStateBroadcast.notifyCameraState:50 com.android.server.camera.CameraServiceProxyExtImpl.extendNotifyCameraState:35 com.android.server.camera.CameraServiceProxy.updateActivityCount:1144 com.android.server.camera.CameraServiceProxy.access$2000:95 
10-21 04:54:06.870 D/DisplayManagerService( 1979): Delivering display event: displayId=0, event=2
10-21 04:54:06.876 D/OplusDexOptimizeManager( 1979): Do not in AppLaunchOptList!
10-21 04:54:06.881 I/OplusAppSwitchManagerService( 1979): appswitch hasProcess ActivityRecord{1545008 u0 com.android.chrome/com.google.android.apps.chrome.IntentDispatcher t732}
10-21 04:54:06.881 I/OplusJoystickManager( 1979): handleApplicationSwitch deprecated!
10-21 04:54:06.881 D/OplusEapManager( 1979): mTargetExitName :com.oplus.camera
10-21 04:54:06.882 I/OplusAppSwitchManagerService( 1979): appswitch hasProcess ActivityRecord{1545008 u0 com.android.chrome/com.google.android.apps.chrome.IntentDispatcher t732}
10-21 04:54:06.883 D/VRR [OPlusFrontAppManager]( 1979): OnAppSwitchObserver: onAppExit , info.targetName = com.oplus.camera
10-21 04:54:06.883 D/VRR [OPlusFrontAppManager]( 1979): packageName: null
10-21 04:54:06.884 D/CameraDelegate( 1979): Camera exit pair count=0 mode=-1
10-21 04:54:06.884 D/VRR [OPlusRefreshRateService]( 1979): handleFrontAppChange pkgName: null
10-21 04:54:06.884 D/VRR [OPlusExternalRefreshRateManager]( 1979): setFrontPackageName pkgName: null CurPkgName: com.oplus.camera
10-21 04:54:06.884 V/WindowManager( 1979): Changing focus from Window{3eee2e8 u0 com.oplus.camera/com.oplus.camera.Camera} to null,diplayid=0
10-21 04:54:06.884 D/CompactWindowManagerService( 1979): notifyCompactWindowState task: Task{93a08ec #732 type=standard A=10348:com.oplus.camera U=0 visible=true mode=fullscreen translucent=false sz=2}; hasFocus: false
10-21 04:54:06.887 E/OplusThermalStats( 1979): Error getting package info: com.android.chrome
10-21 04:54:06.887 D/OplusKeepAliveManager( 1979): TOP_APP is ProcessRecord{333ac52 25830:com.android.chrome/u0a179} uid is 10179
10-21 04:54:06.901 D/OplusEapManager( 1979): mTargetEnterName :com.android.chrome
10-21 04:54:06.901 D/VRR [OPlusFrontAppManager]( 1979): OnAppSwitchObserver: onAppEnter , info.targetName = com.android.chrome
10-21 04:54:06.901 D/VRR [OPlusFrontAppManager]( 1979): packageName: com.android.chrome
10-21 04:54:06.903 D/VRR [OPlusRefreshRateService]( 1979): handleFrontAppChange pkgName: com.android.chrome
10-21 04:54:06.903 D/VRR [OPlusExternalRefreshRateManager]( 1979): setFrontPackageName pkgName: com.android.chrome CurPkgName: null
10-21 04:54:06.916 W/ContextImpl( 8880): Calling a method in the system process without a qualified user: android.app.ContextImpl.startService:1819 android.content.ContextWrapper.startService:786 com.oplus.athena.action.dexopt.c.c:130 com.oplus.athena.action.dexopt.c.a:52 com.oplus.athena.d.a.a:75 
10-21 04:54:06.917 D/OplusGameRotationService( 1979): lockRotationInGame: change state to 0
10-21 04:54:06.926 D/CompatibilityChangeReporter( 1979): Compat change id reported: 168419799; UID 1000; state: DISABLED
10-21 04:54:07.073 W/ContextImpl( 1979): Calling a method in the system process without a qualified user: android.app.ContextImpl.sendBroadcast:1175 com.android.server.camera.OplusCameraStateBroadcast.notifyCameraState:50 com.android.server.camera.CameraServiceProxyExtImpl.extendNotifyCameraState:35 com.android.server.camera.CameraServiceProxy.updateActivityCount:1144 com.android.server.camera.CameraServiceProxy.access$2000:95 
10-21 04:54:07.073 D/TorchManagerService( 1979): onTorchModeChanged, mbTorchMode: false, mbDoSetTorchModeFalseByUs: false
10-21 04:54:07.074 D/TorchManagerService( 1979): handleNotifyOut needCloseFlash: false
10-21 04:54:07.074 D/TorchManagerService( 1979): cancelNotifyIn isNotifyIn: false
10-21 04:54:07.078 D/WakeLockHelper( 1979): enable wakelock PowerMonior:work, timeout=500
10-21 04:54:07.078 D/WakeLockHelper( 1979): disable wakelock PowerMonior:work
10-21 04:54:07.098 W/ActivityManager( 1979): setGlThreads detect 25830 25872
10-21 04:54:07.105 D/OplusAppListInterceptManager( 1979): shouldFilterTask
10-21 04:54:07.105 D/OplusAppListInterceptManager( 1979): shouldFilterTask::packageName = com.android.chrome
10-21 04:54:07.108 I/ActivityTaskManager( 1979): START u0 {act=android.intent.action.VIEW dat=https://expo.dev/... flg=0x14002000 cmp=com.android.chrome/org.chromium.chrome.browser.ChromeTabbedActivity (has extras) mCallingUid=10179} from uid 10179
10-21 04:54:07.113 D/OplusZoomWindowRUSConfigManager( 1979): isSupportZoomModeWithPolicyLocked: target = com.android.chrome/org.chromium.chrome.browser.ChromeTabbedActivity
10-21 04:54:07.113 D/OplusZoomWindowRUSConfigManager( 1979): targetPkg = com.android.chrome
10-21 04:54:07.113 V/OplusZoomWindowManagerService( 1979): unSupportZoom: false ,callingPid: 25830 ,sourceStack: Task{93a08ec #732 type=standard A=10348:com.oplus.camera U=0 visible=true mode=fullscreen translucent=false sz=2}
10-21 04:54:07.115 D/TaskExtImpl( 1979): remove ActivityRecord{e21a3b4 u0 com.android.chrome/org.chromium.chrome.browser.app.download.home.DownloadActivity t-1 f}} to mActivityRecordSum = Counter{ com.android.chrome/org.chromium.chrome.browser.ChromeTabbedActivity(1) }
10-21 04:54:07.116 V/WindowManager( 1979): Changing focus from null to Window{3eee2e8 u0 com.oplus.camera/com.oplus.camera.Camera},diplayid=0
10-21 04:54:07.116 D/CompactWindowManagerService( 1979): notifyCompactWindowState task: Task{93a08ec #732 type=standard A=10348:com.oplus.camera U=0 visible=true mode=fullscreen translucent=false sz=2}; hasFocus: true
10-21 04:54:07.116 D/ActivityTaskManager( 1979): onWindowFocusChanged Task{93a08ec #732 type=standard A=10348:com.oplus.camera U=0 visible=true mode=fullscreen translucent=false sz=2} would transfer to compact
10-21 04:54:07.117 D/ActivityTaskManager( 1979): getStartingWindowType: newTask=true, taskSwitch=true, processRunning=true, allowTaskSnapshot=false, activityCreated=false, snapshot=null, record:ActivityRecord{4d65173 u0 com.android.chrome/org.chromium.chrome.browser.ChromeTabbedActivity t733}
10-21 04:54:07.118 D/OplusStartingWindowManager( 1979): window attributes color: fffffbf9 icon null duration 0 brandImage null
10-21 04:54:07.127 D/ActivityTaskManager( 1979): finishIfPossible mOpeningApps remove r=ActivityRecord{1545008 u0 com.android.chrome/com.google.android.apps.chrome.IntentDispatcher t732 f}}
10-21 04:54:07.129 W/UsageStatsService( 1979): Unexpected activity event reported! (com.android.chrome/org.chromium.chrome.browser.app.download.home.DownloadActivity event : 23 instanceId : 183312582)
10-21 04:54:07.177 I/ActivityTaskManager( 1979): The Process com.android.chrome Already Exists in BG. So sending its PID: 25830
10-21 04:54:07.178 W/ActivityTaskManager( 1979): Tried to set launchTime (172218538) < mLastActivityLaunchTime (173737325)
10-21 04:54:07.180 D/OplusDexOptimizeManager( 1979): Do not in AppLaunchOptList!
10-21 04:54:07.182 I/OplusAppSwitchManager( 1979): notifyAppSwitch the same packageName!
10-21 04:54:07.183 V/WindowManager( 1979): Changing focus from Window{3eee2e8 u0 com.oplus.camera/com.oplus.camera.Camera} to null,diplayid=0
10-21 04:54:07.183 D/CompactWindowManagerService( 1979): notifyCompactWindowState task: Task{93a08ec #732 type=standard A=10348:com.oplus.camera U=0 visible=false mode=fullscreen translucent=true sz=2}; hasFocus: false
10-21 04:54:07.228 D/CompactWindowManagerService( 1979): updateBackgroundSurface openingApp: ActivityRecord{4d65173 u0 com.android.chrome/org.chromium.chrome.browser.ChromeTabbedActivity t733}
10-21 04:54:07.228 D/OplusSplitScreenManagerService( 1979): isDragToSplitState mOplusSpiltScreenDnDUI is null, just return!
10-21 04:54:07.255 D/WindowManager( 1979): BarWindow--setVisible: id=1, oldState=2, state=0
10-21 04:54:07.255 I/OplusStatusBarManagerServiceExtImpl( 1979):  topIsFullscreen fullscreen: false
10-21 04:54:07.259 I/WindowStateExtImpl( 1979): onSurfaceShowChange show = true mPackageName = com.android.chrome parentPkgName = com.android.chrome
10-21 04:54:07.268 D/TaskChangeNotificationControllerExtImpl( 1979): Skip pass Snapshot to listener:android.app.ITaskStackListener$Stub$Proxy@b781d5b
10-21 04:54:07.276 D/OplusAppListInterceptManager( 1979): shouldFilterTask
10-21 04:54:07.276 D/OplusAppListInterceptManager( 1979): shouldFilterTask::packageName = com.android.chrome
10-21 04:54:07.276 D/OplusAppListInterceptManager( 1979): shouldFilterTask
10-21 04:54:07.276 D/OplusAppListInterceptManager( 1979): shouldFilterTask::packageName = com.oplus.camera
10-21 04:54:07.277 D/OplusAppListInterceptManager( 1979): shouldFilterTask
10-21 04:54:07.277 D/OplusAppListInterceptManager( 1979): shouldFilterTask::packageName = com.oppo.quicksearchbox
10-21 04:54:07.277 D/OplusAppListInterceptManager( 1979): shouldFilterTask
10-21 04:54:07.277 D/OplusAppListInterceptManager( 1979): shouldFilterTask::packageName = com.android.settings
10-21 04:54:07.280 D/CompatibilityChangeReporter( 1979): Compat change id reported: 135634846; UID 10169; state: DISABLED
10-21 04:54:07.280 D/CompatibilityChangeReporter( 1979): Compat change id reported: 177438394; UID 10169; state: DISABLED
10-21 04:54:07.280 D/CompatibilityChangeReporter( 1979): Compat change id reported: 135772972; UID 10169; state: DISABLED
10-21 04:54:07.280 D/CompatibilityChangeReporter( 1979): Compat change id reported: 135754954; UID 10169; state: ENABLED
10-21 04:54:07.280 D/CompatibilityChangeReporter( 1979): Compat change id reported: 143937733; UID 10169; state: ENABLED
10-21 04:54:07.303 I/ActivityManager( 1979): Start proc 25899:com.android.providers.partnerbookmarks/u0a169 for content provider {com.android.providers.partnerbookmarks/com.android.providers.partnerbookmarks.PartnerHomepageProvider}
10-21 04:54:07.345 D/CompatibilityChangeReporter( 1979): Compat change id reported: 168419799; UID 10169; state: DISABLED
10-21 04:54:07.402 D/CameraDelegate( 1979): handleMessage:200
10-21 04:54:07.416 E/OplusCustomizeRestrictionManager(25830): sInstance is null, start a new sInstance
10-21 04:54:07.425 D/OplusInputMethodUtil(25830): init DEBUG to false, update DEBUG_IME to false
10-21 04:54:07.425 D/OplusInputMethodUtil(25830): init DEBUG to false, update DEBUG_IME to false
10-21 04:54:07.555 I/Quality (25830): ActivityThread: activityStart delay 361 com.android.chrome 25830
10-21 04:54:07.601 D/TaskExtImpl( 1979): remove ActivityRecord{1545008 u0 com.android.chrome/com.google.android.apps.chrome.IntentDispatcher t-1 f}} to mActivityRecordSum = Counter{ com.oplus.camera/.Camera(1) }
10-21 04:54:07.611 I/Quality (25830): Skipped: false 4 cost 78.79145 refreshRate 0 processName com.android.chrome
10-21 04:54:07.617 D/CompatibilityChangeReporter( 1979): Compat change id reported: 135634846; UID 10179; state: DISABLED
10-21 04:54:07.618 D/CompatibilityChangeReporter( 1979): Compat change id reported: 143937733; UID 10179; state: ENABLED
10-21 04:54:07.634 V/WindowManager( 1979): Changing focus from null to Window{d504000 u0 com.android.chrome/org.chromium.chrome.browser.ChromeTabbedActivity},diplayid=0
10-21 04:54:07.635 D/CompactWindowManagerService( 1979): notifyCompactWindowState task: Task{4196e18 #733 type=standard A=10179:com.android.chrome U=0 visible=true mode=fullscreen translucent=false sz=1}; hasFocus: true
10-21 04:54:07.635 D/ActivityTaskManager( 1979): onWindowFocusChanged Task{4196e18 #733 type=standard A=10179:com.android.chrome U=0 visible=true mode=fullscreen translucent=false sz=1} would transfer to compact
10-21 04:54:07.637 I/ActivityManager( 1979): Start proc 25937:com.android.chrome:sandboxed_process0:org.chromium.content.app.SandboxedProcessService0:0/u0ai6 for  {com.android.chrome/org.chromium.content.app.SandboxedProcessService0:0}
10-21 04:54:07.639 D/CompatibilityChangeReporter( 1979): Compat change id reported: 158002302; UID 10179; state: ENABLED
10-21 04:54:07.643 V/OplusZoomWindowDecorViewHelper(25830): setLastReportedMergedConfiguration mZoomDisplayHeight: 2400 getDecorView.172823698
10-21 04:54:07.670 V/OplusZoomWindowManagerService( 1979): onAnimationFinished:  r = ActivityRecord{924853e u0 com.oplus.camera/.Camera t732}
10-21 04:54:07.671 V/OplusZoomWindowManagerService( 1979): onAnimationFinished:  r = ActivityRecord{4d65173 u0 com.android.chrome/org.chromium.chrome.browser.ChromeTabbedActivity t733}
10-21 04:54:07.672 I/OplusAppSwitchManagerService( 1979):  handleAppVisible , r = ActivityRecord{4d65173 u0 com.android.chrome/org.chromium.chrome.browser.ChromeTabbedActivity t733}
10-21 04:54:07.677 D/WindowManager( 1979): Releasing screen wakelock due to Window{3eee2e8 u0 com.oplus.camera/com.oplus.camera.Camera}
10-21 04:54:07.677 D/OplusAONSmartDim( 1979): onWakeLockReleaseLocked: lock=1906893, flags=0x2000000a, packageName=android, tag="WindowManager", ws=WorkSource{10348}, uid=1000, pid=1979
10-21 04:54:07.696 I/Quality (25830): ActivityThread: setSurface delay 52  0
10-21 04:54:07.733 I/Quality (25830): Skipped: false 7 cost 117.091064 refreshRate 0 processName com.android.chrome
10-21 04:54:07.747 D/OplusStartingWindowManager( 1979): interceptRemoveStartingWindow activity.packageName=com.android.chrome isSnapshot=false mStartingSurfaceRunnable=null
10-21 04:54:07.747 D/OplusSplitScreenManagerService( 1979): notifyRemoveStartingWindow mOplusSpiltScreenDnDUI is null, just return!
10-21 04:54:08.043 V/OplusZoomWindowDecorViewHelper( 3282): removeZoomView
10-21 04:54:08.056 D/CompatibilityChangeReporter( 1979): Compat change id reported: 135634846; UID 10179; state: DISABLED
10-21 04:54:08.057 D/CompatibilityChangeReporter( 1979): Compat change id reported: 143937733; UID 10179; state: ENABLED
10-21 04:54:08.081 I/ActivityManager( 1979): com.android.vending is exempt from freezer
10-21 04:54:08.082 D/CompatibilityChangeReporter( 1979): Compat change id reported: 135634846; UID 10164; state: DISABLED
10-21 04:54:08.082 D/CompatibilityChangeReporter( 1979): Compat change id reported: 177438394; UID 10164; state: DISABLED
10-21 04:54:08.083 D/CompatibilityChangeReporter( 1979): Compat change id reported: 135772972; UID 10164; state: DISABLED
10-21 04:54:08.083 D/CompatibilityChangeReporter( 1979): Compat change id reported: 135754954; UID 10164; state: ENABLED
10-21 04:54:08.084 I/ActivityManager( 1979): Start proc 25990:com.android.chrome:privileged_process0/u0a179 for service {com.android.chrome/org.chromium.content.app.PrivilegedProcessService0}
10-21 04:54:08.085 D/CompatibilityChangeReporter( 1979): Compat change id reported: 143937733; UID 10164; state: ENABLED
10-21 04:54:08.102 I/ActivityManager( 1979): Start proc 25992:com.android.vending/u0a164 for service {com.android.vending/com.google.android.finsky.installservice.DevTriggeredUpdateService}
10-21 04:54:08.202 I/WindowStateExtImpl( 1979): onSurfaceShowChange show = false mPackageName = com.android.chrome parentPkgName = com.android.chrome
10-21 04:54:08.313 I/ClipboardManagerTransactionHelper( 1979): Invalid transaction code = 7
10-21 04:54:08.345 D/CompatibilityChangeReporter( 1979): Compat change id reported: 319212206; UID 10179; state: ENABLED
10-21 04:54:08.545 W/PackageManager( 1979): package unknown uid 10268 pid 21951 call SetEnabledSetting(com.google.android.ext.services component = com.android.adservices.service.common.PackageChangedReceiver, 1, 0x1, 0)
10-21 04:54:08.846 D/CompatibilityChangeReporter( 1979): Compat change id reported: 182734110; UID 10179; state: ENABLED
10-21 04:54:08.850 D/CompatibilityChangeReporter( 1979): Compat change id reported: 149924527; UID 10179; state: ENABLED
10-21 04:54:08.851 D/CompatibilityChangeReporter( 1979): Compat change id reported: 132649864; UID 10179; state: DISABLED
10-21 04:54:08.857 D/OplusAppListInterceptManager( 1979): shouldFilterTask
10-21 04:54:08.857 D/OplusAppListInterceptManager( 1979): shouldFilterTask::packageName = com.android.chrome
10-21 04:54:08.857 D/OplusAppListInterceptManager( 1979): shouldFilterTask
10-21 04:54:08.857 D/OplusAppListInterceptManager( 1979): shouldFilterTask::packageName = com.oplus.camera
10-21 04:54:08.857 D/OplusAppListInterceptManager( 1979): shouldFilterTask
10-21 04:54:08.857 D/OplusAppListInterceptManager( 1979): shouldFilterTask::packageName = com.oppo.quicksearchbox
10-21 04:54:08.857 D/OplusAppListInterceptManager( 1979): shouldFilterTask
10-21 04:54:08.857 D/OplusAppListInterceptManager( 1979): shouldFilterTask::packageName = com.android.settings
10-21 04:54:08.858 D/OplusAppListInterceptManager( 1979): shouldFilterTask
10-21 04:54:08.858 D/OplusAppListInterceptManager( 1979): shouldFilterTask::packageName = com.google.android.gm
10-21 04:54:08.861 D/OplusAppListInterceptManager( 1979): shouldFilterTask
10-21 04:54:08.861 D/OplusAppListInterceptManager( 1979): shouldFilterTask::packageName = com.android.chrome
10-21 04:54:08.861 D/OplusAppListInterceptManager( 1979): shouldFilterTask
10-21 04:54:08.861 D/OplusAppListInterceptManager( 1979): shouldFilterTask::packageName = com.oplus.camera
10-21 04:54:08.861 D/OplusAppListInterceptManager( 1979): shouldFilterTask
10-21 04:54:08.861 D/OplusAppListInterceptManager( 1979): shouldFilterTask::packageName = com.oppo.quicksearchbox
10-21 04:54:08.862 D/OplusAppListInterceptManager( 1979): shouldFilterTask
10-21 04:54:08.862 D/OplusAppListInterceptManager( 1979): shouldFilterTask::packageName = com.android.settings
10-21 04:54:08.862 D/OplusAppListInterceptManager( 1979): shouldFilterTask
10-21 04:54:08.862 D/OplusAppListInterceptManager( 1979): shouldFilterTask::packageName = com.google.android.gm
10-21 04:54:08.862 D/OplusAppListInterceptManager( 1979): shouldFilterTask
10-21 04:54:08.862 D/OplusAppListInterceptManager( 1979): shouldFilterTask::packageName = com.android.chrome
10-21 04:54:08.862 D/OplusAppListInterceptManager( 1979): shouldFilterTask
10-21 04:54:08.862 D/OplusAppListInterceptManager( 1979): shouldFilterTask::packageName = com.oplus.camera
10-21 04:54:08.862 D/OplusAppListInterceptManager( 1979): shouldFilterTask
10-21 04:54:08.862 D/OplusAppListInterceptManager( 1979): shouldFilterTask::packageName = com.oppo.quicksearchbox
10-21 04:54:08.862 D/OplusAppListInterceptManager( 1979): shouldFilterTask
10-21 04:54:08.862 D/OplusAppListInterceptManager( 1979): shouldFilterTask::packageName = com.android.settings
10-21 04:54:08.862 D/OplusAppListInterceptManager( 1979): shouldFilterTask
10-21 04:54:08.862 D/OplusAppListInterceptManager( 1979): shouldFilterTask::packageName = com.google.android.gm
10-21 04:54:08.863 E/OplusAthenaAm( 1979): AthenaAmManagerInternal transact code hello:4,flags:0
10-21 04:54:08.863 E/OplusAthenaAm( 1979): AthenaAmManagerInternal transact code hello:4,flags:0
10-21 04:54:08.863 E/OplusAthenaAm( 1979): AthenaAmManagerInternal transact code hello:4,flags:0
10-21 04:54:08.884 W/PackageManager( 1979): package unknown uid 10179 pid 25830 call SetEnabledSetting(com.android.chrome component = org.chromium.chrome.browser.quickactionsearchwidget.QuickActionSearchWidgetProvider$QuickActionSearchWidgetProviderSearch, 1, 0x1, 0)
10-21 04:54:08.885 W/PackageManager( 1979): package unknown uid 10179 pid 25830 call SetEnabledSetting(com.android.chrome component = org.chromium.chrome.browser.quickactionsearchwidget.QuickActionSearchWidgetProvider$QuickActionSearchWidgetProviderDino, 1, 0x1, 0)
10-21 04:54:08.924 D/CompatibilityChangeReporter( 1979): Compat change id reported: 135634846; UID 10179; state: DISABLED
10-21 04:54:08.924 D/CompatibilityChangeReporter( 1979): Compat change id reported: 143937733; UID 10179; state: ENABLED
10-21 04:54:08.942 I/ActivityManager( 1979): Start proc 26060:com.android.chrome:sandboxed_process0:org.chromium.content.app.SandboxedProcessService0:1/u0ai7 for  {com.android.chrome/org.chromium.content.app.SandboxedProcessService0:1}
10-21 04:54:09.177 I/Quality (25830): Skipped: false 85 cost 1427.8829 refreshRate 0 processName com.android.chrome
10-21 04:54:09.281 W/PackageManager( 1979): package unknown uid 10164 pid 25992 call SetEnabledSetting(com.android.vending component = com.android.vending.AssetBrowserActivity, 1, 0x1, 0)
10-21 04:54:09.289 I/ClipboardManagerTransactionHelper( 1979): Invalid transaction code = 5
10-21 04:54:09.292 I/Quality (25830): Skipped: false 6 cost 111.12499 refreshRate 0 processName com.android.chrome
10-21 04:54:09.315 I/Quality (25830): Skipped: false 1 cost 17.13996 refreshRate 0 processName com.android.chrome
10-21 04:54:09.356 W/ActivityManager( 1979): setGlThreads detect 25990 26030
10-21 04:54:09.364 W/ActivityManager( 1979): setGlThreads detect 25990 26029
10-21 04:54:09.388 D/CompatibilityChangeReporter( 1979): Compat change id reported: 319212206; UID 10164; state: ENABLED
10-21 04:54:09.428 I/Quality (25830): Skipped: false 1 cost 29.79444 refreshRate 0 processName com.android.chrome
10-21 04:54:09.615 W/ContextImpl( 3509): Calling a method in the system process without a qualified user: android.app.ContextImpl.sendBroadcast:1190 android.content.ContextWrapper.sendBroadcast:494 com.oplus.qualityprotect.q.a:92 com.oplus.qualityprotect.q.a:9 com.oplus.qualityprotect.b.ao.c:282 
10-21 04:54:09.835 W/PackageManager( 1979): package unknown uid 10164 pid 25992 call SetEnabledSetting(com.android.vending component = com.google.android.finsky.systemupdateactivity.SystemUpdateActivity, 1, 0x1, 0)
10-21 04:54:09.835 W/PackageManager( 1979): package unknown uid 10164 pid 25992 call SetEnabledSetting(com.android.vending component = com.google.android.finsky.hibernation.impl.UnhibernateActivity, 1, 0x1, 0)
10-21 04:54:09.841 W/PackageManager( 1979): package unknown uid 10164 pid 25992 call SetEnabledSetting(com.android.vending component = com.google.android.finsky.systemcomponentupdateui.common.SystemComponentUpdateActivity, 0, 0x1, 0)
10-21 04:54:09.842 W/PackageManager( 1979): package unknown uid 10164 pid 25992 call SetEnabledSetting(com.android.vending component = com.google.android.finsky.activities.DebugActivity, 2, 0x1, 0)
10-21 04:54:10.226 I/ActivityManager( 1979): com.android.vending is exempt from freezer
10-21 04:54:10.227 D/CompatibilityChangeReporter( 1979): Compat change id reported: 135634846; UID 10164; state: DISABLED
10-21 04:54:10.227 D/CompatibilityChangeReporter( 1979): Compat change id reported: 177438394; UID 10164; state: DISABLED
10-21 04:54:10.227 D/CompatibilityChangeReporter( 1979): Compat change id reported: 135772972; UID 10164; state: DISABLED
10-21 04:54:10.227 D/CompatibilityChangeReporter( 1979): Compat change id reported: 135754954; UID 10164; state: ENABLED
10-21 04:54:10.229 D/CompatibilityChangeReporter( 1979): Compat change id reported: 143937733; UID 10164; state: ENABLED
10-21 04:54:10.272 I/ActivityManager( 1979): Start proc 26176:com.android.vending:background/u0a164 for service {com.android.vending/com.google.frameworks.client.data.android.server.play.BackgroundProcessEndpointService}
10-21 04:54:11.745 D/CompatibilityChangeReporter( 1979): Compat change id reported: 135634846; UID 10179; state: DISABLED
10-21 04:54:11.745 D/CompatibilityChangeReporter( 1979): Compat change id reported: 143937733; UID 10179; state: ENABLED
10-21 04:54:11.787 I/ActivityManager( 1979): Start proc 26252:com.android.chrome:sandboxed_process0:org.chromium.content.app.SandboxedProcessService0:2/u0ai8 for  {com.android.chrome/org.chromium.content.app.SandboxedProcessService0:2}
10-21 04:54:12.939 V/ActivityManager( 1979): Has totaly same connectionRecord, just reuse it!
10-21 04:54:13.414 E/ActivityThread(10876): Failed to find provider info for com.oplus.statistics.provider
10-21 04:54:13.414 E/OplusStatistics--(10876): IllegalArgumentException:java.lang.IllegalArgumentException: Unknown URL content://com.oplus.statistics.provider/track_event
10-21 04:54:13.789 D/CompatibilityChangeReporter( 1979): Compat change id reported: 135634846; UID 10179; state: DISABLED
10-21 04:54:13.789 D/CompatibilityChangeReporter( 1979): Compat change id reported: 143937733; UID 10179; state: ENABLED
10-21 04:54:13.804 I/Quality (25830): Skipped: false 1 cost 25.293648 refreshRate 0 processName com.android.chrome
10-21 04:54:13.809 I/ActivityManager( 1979): Start proc 26292:com.android.chrome:sandboxed_process0:org.chromium.content.app.SandboxedProcessService0:3/u0ai9 for  {com.android.chrome/org.chromium.content.app.SandboxedProcessService0:3}
10-21 04:54:14.921 D/CompatibilityChangeReporter( 1979): Compat change id reported: 135634846; UID 1000; state: DISABLED
10-21 04:54:14.921 D/CompatibilityChangeReporter( 1979): Compat change id reported: 177438394; UID 1000; state: DISABLED
10-21 04:54:14.921 D/CompatibilityChangeReporter( 1979): Compat change id reported: 135772972; UID 1000; state: DISABLED
10-21 04:54:14.921 D/CompatibilityChangeReporter( 1979): Compat change id reported: 135754954; UID 1000; state: ENABLED
10-21 04:54:14.933 I/ActivityManager( 1979): Start proc 26316:com.oplus.securitypermission/1000 for service {com.oplus.securitypermission/com.oplusos.securitypermission.common.rus.PermissionRUSService}
10-21 04:54:14.938 V/ActivityManager( 1979): Has totaly same connectionRecord, just reuse it!
10-21 04:54:14.964 I/Quality (25830): Skipped: true 7 cost 119.71557 refreshRate 0 processName com.android.chrome
10-21 04:54:15.157 W/ContextImpl(26316): Calling a method in the system process without a qualified user: android.app.ContextImpl.startService:1819 android.content.ContextWrapper.startService:786 com.oplusos.securitypermission.PermissionApplication.b:78 com.oplusos.securitypermission.PermissionApplication.onCreate:53 android.app.Instrumentation.callApplicationOnCreate:1226 
10-21 04:54:15.161 W/ContextImpl(26316): Calling a method in the system process without a qualified user: android.app.ContextImpl.startService:1819 android.content.ContextWrapper.startService:786 com.oplusos.securitypermission.PermissionApplication.b:79 com.oplusos.securitypermission.PermissionApplication.onCreate:53 android.app.Instrumentation.callApplicationOnCreate:1226 
10-21 04:54:15.164 W/ContextImpl(26316): Calling a method in the system process without a qualified user: android.app.ContextImpl.startService:1819 android.content.ContextWrapper.startService:786 com.oplusos.securitypermission.PermissionApplication.c:84 com.oplusos.securitypermission.PermissionApplication.onCreate:54 android.app.Instrumentation.callApplicationOnCreate:1226 
10-21 04:54:15.170 W/ContextImpl(26316): Calling a method in the system process without a qualified user: android.app.ContextImpl.startService:1819 android.content.ContextWrapper.startService:786 com.oplusos.securitypermission.PermissionApplication.a:73 com.oplusos.securitypermission.PermissionApplication.onCreate:55 android.app.Instrumentation.callApplicationOnCreate:1226 
10-21 04:54:15.188 W/ContextImpl(26316): Calling a method in the system process without a qualified user: android.app.ContextImpl.bindService:1904 android.content.ContextWrapper.bindService:822 com.oplusos.floatwindow.sysfloatwindow.cache.b.a:76 com.oplusos.securitypermission.PermissionApplication.onCreate:59 android.app.Instrumentation.callApplicationOnCreate:1226 
10-21 04:54:15.248 I/InterceptLockScreen.Service(26316): onCreate: LockScreenInterceptService is starting...
10-21 04:54:15.256 D/InterceptLockScreen.Service(26316): registerMultiUserReceiver: success 
10-21 04:54:15.289 I/OplusAppSwitchManagerService( 1979): appswitch registerAppSwitchObserver pName = com@@oplus@@securitypermission observer = com.oplus.app.IOplusAppSwitchObserver$Stub$Proxy@66069f7 config = OplusAppSwitchConfig = {  mConfigs = {2=null} observerFingerPrint = 193771749}
10-21 04:54:15.289 I/OplusAppSwitchStateDispatcher( 1979): registerAppSwitchObserver addDynamicListener OK, info = OplusAppSwitchRuleInfo = {  observer = com.oplus.app.IOplusAppSwitchObserver$Stub$Proxy@66069f7 observerFingerPrint = 193771749} rule size =0
10-21 04:54:15.303 D/CompatibilityChangeReporter( 1979): Compat change id reported: 157233955; UID 1000; state: ENABLED
10-21 04:54:15.305 W/ContextImpl(26316): Calling a method in the system process without a qualified user: android.app.ContextImpl.startService:1819 android.content.ContextWrapper.startService:786 com.oplusos.securitypermission.permission.dialog.PermissionDialogService.c:1891 com.oplusos.securitypermission.permission.dialog.PermissionDialogService.onCreate:446 android.app.ActivityThread.handleCreateService:4655 
10-21 04:54:15.307 W/ContextImpl(26316): Calling a method in the system process without a qualified user: android.app.ContextImpl.startService:1819 android.content.ContextWrapper.startService:786 com.oplusos.securitypermission.permission.dialog.PermissionDialogService.c:1893 com.oplusos.securitypermission.permission.dialog.PermissionDialogService.onCreate:446 android.app.ActivityThread.handleCreateService:4655 
10-21 04:54:15.851 I/Quality (25830): Skipped: false 1 cost 24.502892 refreshRate 0 processName com.android.chrome
10-21 04:54:15.967 W/ContextImpl( 1979): Calling a method in the system process without a qualified user: android.app.ContextImpl.sendBroadcast:1175 com.android.server.job.controllers.OplusCpuController.notifyHighCpuEventForApp:395 com.android.server.job.controllers.OplusCpuController.handleCpuUpdate:341 com.android.server.job.controllers.OplusCpuController.access$900:60 com.android.server.job.controllers.OplusCpuController$CpuTrackerHandler.handleMessage:265 
10-21 04:54:16.092 D/CompatibilityChangeReporter( 1979): Compat change id reported: 135634846; UID 10179; state: DISABLED
10-21 04:54:16.092 D/CompatibilityChangeReporter( 1979): Compat change id reported: 143937733; UID 10179; state: ENABLED
10-21 04:54:16.124 I/ActivityManager( 1979): Start proc 26346:com.android.chrome:sandboxed_process0:org.chromium.content.app.SandboxedProcessService0:4/u0ai10 for  {com.android.chrome/org.chromium.content.app.SandboxedProcessService0:4}
10-21 04:54:16.292 I/ActivityManager( 1979): Killing 26346:com.android.chrome:sandboxed_process0:org.chromium.content.app.SandboxedProcessService0:4/u0a179i-8990 (adj 0): isolated not needed
10-21 04:54:16.355 I/Quality (25830): Skipped: true 3 cost 61.94449 refreshRate 0 processName com.android.chrome
10-21 04:54:16.565 W/NotificationHistory( 1979): Attempted to add notif for locked/gone/disabled user 0
10-21 04:54:16.578 D/UserManagerServiceExtImpl( 1979): getMultiSystemUserId  res = -10000
10-21 04:54:16.597 D/UserManagerServiceExtImpl( 1979): getMultiSystemUserId  res = -10000
10-21 04:54:16.760 D/CompatibilityChangeReporter( 1979): Compat change id reported: 135634846; UID 10179; state: DISABLED
10-21 04:54:16.760 D/CompatibilityChangeReporter( 1979): Compat change id reported: 143937733; UID 10179; state: ENABLED
10-21 04:54:16.782 I/ActivityManager( 1979): Start proc 26362:com.android.chrome:sandboxed_process0:org.chromium.content.app.SandboxedProcessService0:5/u0ai11 for  {com.android.chrome/org.chromium.content.app.SandboxedProcessService0:5}
10-21 04:54:17.269 D/UserManagerServiceExtImpl( 1979): getMultiSystemUserId  res = -10000
10-21 04:54:17.299 D/UserManagerServiceExtImpl( 1979): getMultiSystemUserId  res = -10000
10-21 04:54:17.477 I/ActivityTaskManager( 1979): START u0 {flg=0x28000000 cmp=com.android.chrome/org.chromium.chrome.browser.app.download.home.DownloadActivity (has extras) mCallingUid=10179} from uid 10179
10-21 04:54:17.480 D/OplusZoomWindowRUSConfigManager( 1979): isSupportZoomModeWithPolicyLocked: target = com.android.chrome/org.chromium.chrome.browser.app.download.home.DownloadActivity
10-21 04:54:17.480 D/OplusZoomWindowRUSConfigManager( 1979): targetPkg = com.android.chrome
10-21 04:54:17.480 V/OplusZoomWindowManagerService( 1979): unSupportZoom: false ,callingPid: 25830 ,sourceStack: Task{4196e18 #733 type=standard A=10179:com.android.chrome U=0 visible=true mode=fullscreen translucent=false sz=1}
10-21 04:54:17.483 D/CompatibilityChangeReporter( 1979): Compat change id reported: 174042980; UID 10179; state: DISABLED
10-21 04:54:17.483 D/CompatibilityChangeReporter( 1979): Compat change id reported: 184838306; UID 10179; state: DISABLED
10-21 04:54:17.484 D/CompatibilityChangeReporter( 1979): Compat change id reported: 185004937; UID 10179; state: DISABLED
10-21 04:54:17.487 D/CompactWindowManagerService( 1979): onOriginListAdded child: ActivityRecord{dd94a26 u0 com.android.chrome/org.chromium.chrome.browser.app.download.home.DownloadActivity t733}; parent: Task{4196e18 #733 type=standard A=10179:com.android.chrome U=0 visible=true mode=fullscreen translucent=false sz=2}
10-21 04:54:17.487 D/TaskExtImpl( 1979): add ActivityRecord{dd94a26 u0 com.android.chrome/org.chromium.chrome.browser.app.download.home.DownloadActivity t733} to mActivityRecordSum = Counter{ com.android.chrome/org.chromium.chrome.browser.app.download.home.DownloadActivity(1) com.android.chrome/org.chromium.chrome.browser.ChromeTabbedActivity(1) }
10-21 04:54:17.488 D/ActivityTaskManager( 1979): getStartingWindowType: newTask=false, taskSwitch=false, processRunning=true, allowTaskSnapshot=true, activityCreated=false, snapshot=null, record:ActivityRecord{dd94a26 u0 com.android.chrome/org.chromium.chrome.browser.app.download.home.DownloadActivity t733}
10-21 04:54:17.488 D/OplusZoomWindowRUSConfigManager( 1979): isSupportZoomModeWithPolicyLocked: target = com.android.chrome/org.chromium.chrome.browser.app.download.home.DownloadActivity
10-21 04:54:17.488 D/OplusZoomWindowRUSConfigManager( 1979): targetPkg = com.android.chrome
10-21 04:54:17.488 V/OplusZoomWindowManagerService( 1979): unSupportZoom: false ,callingPid: 25830 ,sourceStack: Task{4196e18 #733 type=standard A=10179:com.android.chrome U=0 visible=true mode=fullscreen translucent=false sz=2}
10-21 04:54:17.496 I/Quality (25830): Skipped: false 2 cost 37.197018 refreshRate 0 processName com.android.chrome
10-21 04:54:17.554 I/ActivityTaskManager( 1979): The Process com.android.chrome Already Exists in BG. So sending its PID: 25830
10-21 04:54:17.555 W/ActivityTaskManager( 1979): Tried to set launchTime (0) < mLastActivityLaunchTime (173737629)
10-21 04:54:17.557 D/OplusDexOptimizeManager( 1979): Do not in AppLaunchOptList!
10-21 04:54:17.562 I/OplusAppSwitchManager( 1979): notifyAppSwitch the same packageName!
10-21 04:54:17.563 V/WindowManager( 1979): Changing focus from Window{d504000 u0 com.android.chrome/org.chromium.chrome.browser.ChromeTabbedActivity} to null,diplayid=0
10-21 04:54:17.563 D/CompactWindowManagerService( 1979): notifyCompactWindowState task: Task{4196e18 #733 type=standard A=10179:com.android.chrome U=0 visible=true mode=fullscreen translucent=false sz=2}; hasFocus: false
10-21 04:54:17.673 I/Quality (25830): ActivityThread: activityStart delay 101 com.android.chrome 25830
10-21 04:54:17.735 V/WindowManager( 1979): Changing focus from null to Window{1d7ab5f u0 com.android.chrome/org.chromium.chrome.browser.app.download.home.DownloadActivity},diplayid=0
10-21 04:54:17.735 D/CompactWindowManagerService( 1979): notifyCompactWindowState task: Task{4196e18 #733 type=standard A=10179:com.android.chrome U=0 visible=true mode=fullscreen translucent=false sz=2}; hasFocus: true
10-21 04:54:17.735 D/ActivityTaskManager( 1979): onWindowFocusChanged Task{4196e18 #733 type=standard A=10179:com.android.chrome U=0 visible=true mode=fullscreen translucent=false sz=2} would transfer to compact
10-21 04:54:17.741 V/OplusZoomWindowDecorViewHelper(25830): setLastReportedMergedConfiguration mZoomDisplayHeight: 2400 getDecorView.136196133
10-21 04:54:17.964 I/Quality (25830): Skipped: false 4 cost 72.44205 refreshRate 0 processName com.android.chrome
10-21 04:54:17.967 D/CompactWindowManagerService( 1979): updateBackgroundSurface openingApp: ActivityRecord{dd94a26 u0 com.android.chrome/org.chromium.chrome.browser.app.download.home.DownloadActivity t733}
10-21 04:54:17.967 D/CompactWindowManagerService( 1979): addSiblingToAnimationTargets:sibling = ActivityRecord{4d65173 u0 com.android.chrome/org.chromium.chrome.browser.ChromeTabbedActivity t733}; replacedMoveAnimation = -1
10-21 04:54:17.967 D/CompactWindowManagerService( 1979): addSiblingToAnimationTargets:sibling = ActivityRecord{4d65173 u0 com.android.chrome/org.chromium.chrome.browser.ChromeTabbedActivity t733}; replacedMoveAnimation = -1
10-21 04:54:17.967 D/OplusSplitScreenManagerService( 1979): isDragToSplitState mOplusSpiltScreenDnDUI is null, just return!
10-21 04:54:17.967 D/CompactWindowManagerService( 1979): addSiblingToAnimationTargets:sibling = ActivityRecord{4d65173 u0 com.android.chrome/org.chromium.chrome.browser.ChromeTabbedActivity t733}; replacedMoveAnimation = -1
10-21 04:54:17.972 D/OplusZoomWindowManagerService( 1979): adjustWindowCropForLeash start: appToken = ActivityRecord{dd94a26 u0 com.android.chrome/org.chromium.chrome.browser.app.download.home.DownloadActivity t733}
10-21 04:54:17.978 D/OplusZoomWindowManagerService( 1979): adjustWindowCropForLeash start: appToken = ActivityRecord{4d65173 u0 com.android.chrome/org.chromium.chrome.browser.ChromeTabbedActivity t733}
10-21 04:54:17.998 I/Quality ( 1979): LaunchTime2.0: com.android.chrome/org.chromium.chrome.browser.app.download.home.DownloadActivity 2 486
10-21 04:54:18.017 I/Quality (25830): Skipped: false 2 cost 42.17702 refreshRate 0 processName com.android.chrome
10-21 04:54:18.022 D/CompatibilityChangeReporter( 1979): Compat change id reported: 135634846; UID 10179; state: DISABLED
10-21 04:54:18.022 D/CompatibilityChangeReporter( 1979): Compat change id reported: 143937733; UID 10179; state: ENABLED
10-21 04:54:18.048 I/ActivityManager( 1979): Start proc 26398:com.android.chrome:sandboxed_process0:org.chromium.content.app.SandboxedProcessService0:6/u0ai12 for  {com.android.chrome/org.chromium.content.app.SandboxedProcessService0:6}
10-21 04:54:18.084 I/Quality (25830): Skipped: true 1 cost 25.985136 refreshRate 0 processName com.android.chrome
10-21 04:54:18.297 D/UserManagerServiceExtImpl( 1979): getMultiSystemUserId  res = -10000
10-21 04:54:18.325 I/ActivityManager( 1979): Killing 26398:com.android.chrome:sandboxed_process0:org.chromium.content.app.SandboxedProcessService0:6/u0a179i-8988 (adj 0): isolated not needed
10-21 04:54:18.392 V/OplusZoomWindowManagerService( 1979): onAnimationFinished:  r = ActivityRecord{dd94a26 u0 com.android.chrome/org.chromium.chrome.browser.app.download.home.DownloadActivity t733}
10-21 04:54:18.392 I/OplusAppSwitchManagerService( 1979):  handleAppVisible , r = ActivityRecord{dd94a26 u0 com.android.chrome/org.chromium.chrome.browser.app.download.home.DownloadActivity t733}
10-21 04:54:18.394 V/OplusZoomWindowManagerService( 1979): onAnimationFinished:  r = ActivityRecord{4d65173 u0 com.android.chrome/org.chromium.chrome.browser.ChromeTabbedActivity t733}
10-21 04:54:19.295 D/UserManagerServiceExtImpl( 1979): getMultiSystemUserId  res = -10000
10-21 04:54:19.451 W/PackageManager( 1979): package unknown uid 10164 pid 25992 call SetEnabledSetting(com.android.vending component = com.google.android.finsky.wearsupport.WearSupportService, 2, 0x1, 0)
10-21 04:54:19.453 W/PackageManager( 1979): package unknown uid 10164 pid 25992 call SetEnabledSetting(com.android.vending component = com.google.android.finsky.wearsupport.WearChangeListenerService, 2, 0x1, 0)
10-21 04:54:19.529 D/CompatibilityChangeReporter( 1979): Compat change id reported: 180326732; UID 10179; state: ENABLED
10-21 04:54:20.086 D/CompatibilityChangeReporter( 1979): Compat change id reported: 171306433; UID 1000; state: ENABLED
10-21 04:54:20.102 D/UserManagerServiceExtImpl( 1979): getMultiSystemUserId  res = -10000
10-21 04:54:20.295 W/NotificationHistory( 1979): Attempted to add notif for locked/gone/disabled user 0
10-21 04:54:20.302 D/UserManagerServiceExtImpl( 1979): getMultiSystemUserId  res = -10000
10-21 04:54:20.328 D/UserManagerServiceExtImpl( 1979): getMultiSystemUserId  res = -10000
10-21 04:54:21.098 D/CompatibilityChangeReporter( 1979): Compat change id reported: 182734110; UID 1000; state: ENABLED
10-21 04:54:21.111 I/ActivityTaskManager( 1979): START u0 {act=android.intent.action.VIEW dat=content://media/external/downloads/1000000011 typ=application/vnd.android.package-archive flg=0x10000003 cmp=com.google.android.packageinstaller/com.android.packageinstaller.InstallStart (has extras) mCallingUid=10179} from uid 10179
10-21 04:54:21.111 D/OplusPackageInstallStatisticManager( 1979): packageInstallInfoCollectForExp: callAppNamecom.android.chrome callingPackage com.android.chrome
10-21 04:54:21.150 D/CompactWindowManagerService( 1979): handleTaskCreated task: Task{47dede7 #740 type=undefined ?? U=0 visible=false mode=undefined translucent=true sz=0}
10-21 04:54:21.150 W/ActivityTaskManager( 1979): Can't find TaskDisplayArea to determine support for multi window. Task id=740 attached=false
10-21 04:54:21.150 D/OplusZoomWindowManagerService( 1979): onConfigurationChanged rotation not changed - prevRotation: 0
10-21 04:54:21.153 D/CompactWindowManagerService( 1979): notifyCompactWindowState task: Task{4196e18 #733 type=standard A=10179:com.android.chrome U=0 visible=true mode=fullscreen translucent=false sz=2}; hasFocus: true
10-21 04:54:21.153 I/OplusScreenSecurityMask( 1979): onStackAdded task = Task{47dede7 #740 type=undefined ?? U=0 visible=false mode=fullscreen translucent=true sz=0} record = null displayId = 0
10-21 04:54:21.154 I/OplusScreenSecurityMask( 1979): onStackAdded task = Task{47dede7 #740 type=standard A=10099:com.google.android.packageinstaller U=0 visible=false mode=fullscreen translucent=true sz=0} record = null displayId = 0
10-21 04:54:21.158 D/CompactWindowManagerService( 1979): onOriginListAdded child: ActivityRecord{fc4dd94 u0 com.google.android.packageinstaller/com.android.packageinstaller.InstallStart t740}; parent: Task{47dede7 #740 type=standard A=10099:com.google.android.packageinstaller U=0 visible=true mode=fullscreen translucent=true sz=1}
10-21 04:54:21.158 D/TaskExtImpl( 1979): add ActivityRecord{fc4dd94 u0 com.google.android.packageinstaller/com.android.packageinstaller.InstallStart t740} to mActivityRecordSum = Counter{ com.google.android.packageinstaller/com.android.packageinstaller.InstallStart(1) }
10-21 04:54:21.159 D/ActivityTaskManager( 1979): getStartingWindowType: newTask=true, taskSwitch=true, processRunning=false, allowTaskSnapshot=true, activityCreated=false, snapshot=null, record:ActivityRecord{fc4dd94 u0 com.google.android.packageinstaller/com.android.packageinstaller.InstallStart t740}
10-21 04:54:21.160 D/OplusStartingWindowManager( 1979): window attributes color: 0 icon null duration 0 brandImage null
10-21 04:54:21.160 D/OplusZoomWindowRUSConfigManager( 1979): isSupportZoomModeWithPolicyLocked: target = com.google.android.packageinstaller/com.android.packageinstaller.InstallStart
10-21 04:54:21.160 D/OplusZoomWindowRUSConfigManager( 1979): targetPkg = com.google.android.packageinstaller
10-21 04:54:21.160 V/OplusZoomWindowManagerService( 1979): unSupportZoom: false ,callingPid: 25830 ,sourceStack: Task{4196e18 #733 type=standard A=10179:com.android.chrome U=0 visible=true mode=fullscreen translucent=false sz=2}
10-21 04:54:21.180 D/OplusAppListInterceptManager( 1979): shouldFilterTask
10-21 04:54:21.180 D/OplusAppListInterceptManager( 1979): shouldFilterTask::packageName = com.google.android.packageinstaller
10-21 04:54:21.180 D/OplusAppListInterceptManager( 1979): shouldFilterTask
10-21 04:54:21.180 D/OplusAppListInterceptManager( 1979): shouldFilterTask::packageName = com.android.chrome
10-21 04:54:21.181 D/OplusAppListInterceptManager( 1979): shouldFilterTask
10-21 04:54:21.181 D/OplusAppListInterceptManager( 1979): shouldFilterTask::packageName = com.oplus.camera
10-21 04:54:21.181 D/OplusAppListInterceptManager( 1979): shouldFilterTask
10-21 04:54:21.181 D/OplusAppListInterceptManager( 1979): shouldFilterTask::packageName = com.oppo.quicksearchbox
10-21 04:54:21.181 D/OplusAppListInterceptManager( 1979): shouldFilterTask
10-21 04:54:21.181 D/OplusAppListInterceptManager( 1979): shouldFilterTask::packageName = com.android.settings
10-21 04:54:21.181 D/OplusAthena( 1979): com.google.android.gm in recent lock list
10-21 04:54:21.181 D/OplusAppListInterceptManager( 1979): shouldFilterTask
10-21 04:54:21.181 D/OplusAppListInterceptManager( 1979): shouldFilterTask::packageName = com.google.android.gm
10-21 04:54:21.183 I/ActivityManager( 1979): com.google.android.packageinstaller is exempt from freezer
10-21 04:54:21.183 D/CompatibilityChangeReporter( 1979): Compat change id reported: 135634846; UID 10099; state: DISABLED
10-21 04:54:21.183 D/CompatibilityChangeReporter( 1979): Compat change id reported: 177438394; UID 10099; state: DISABLED
10-21 04:54:21.183 D/CompatibilityChangeReporter( 1979): Compat change id reported: 135772972; UID 10099; state: DISABLED
10-21 04:54:21.183 D/CompatibilityChangeReporter( 1979): Compat change id reported: 135754954; UID 10099; state: ENABLED
10-21 04:54:21.184 D/CompatibilityChangeReporter( 1979): Compat change id reported: 143937733; UID 10099; state: ENABLED
10-21 04:54:21.192 I/ActivityManager( 1979): Start proc 26444:com.google.android.packageinstaller/u0a99 for pre-top-activity {com.google.android.packageinstaller/com.android.packageinstaller.InstallStart}
10-21 04:54:21.216 D/OplusDexOptimizeManager( 1979): Do not in AppLaunchOptList!
10-21 04:54:21.219 I/OplusAppSwitchManagerService( 1979): appswitch hasProcess ActivityRecord{fc4dd94 u0 com.google.android.packageinstaller/com.android.packageinstaller.InstallStart t740}
10-21 04:54:21.219 I/OplusJoystickManager( 1979): handleApplicationSwitch deprecated!
10-21 04:54:21.219 D/OplusEapManager( 1979): mTargetExitName :com.android.chrome
10-21 04:54:21.219 I/OplusAppSwitchManagerService( 1979): appswitch hasProcess ActivityRecord{fc4dd94 u0 com.google.android.packageinstaller/com.android.packageinstaller.InstallStart t740}
10-21 04:54:21.220 V/WindowManager( 1979): Changing focus from Window{1d7ab5f u0 com.android.chrome/org.chromium.chrome.browser.app.download.home.DownloadActivity} to null,diplayid=0
10-21 04:54:21.220 D/CompactWindowManagerService( 1979): notifyCompactWindowState task: Task{4196e18 #733 type=standard A=10179:com.android.chrome U=0 visible=true mode=fullscreen translucent=false sz=2}; hasFocus: false
10-21 04:54:21.222 D/VRR [OPlusFrontAppManager]( 1979): OnAppSwitchObserver: onAppExit , info.targetName = com.android.chrome
10-21 04:54:21.223 D/VRR [OPlusFrontAppManager]( 1979): packageName: null
10-21 04:54:21.223 D/VRR [OPlusRefreshRateService]( 1979): handleFrontAppChange pkgName: null
10-21 04:54:21.223 D/VRR [OPlusExternalRefreshRateManager]( 1979): setFrontPackageName pkgName: null CurPkgName: com.android.chrome
10-21 04:54:21.224 D/OplusEapManager( 1979): mTargetEnterName :com.google.android.packageinstaller
10-21 04:54:21.224 D/VRR [OPlusFrontAppManager]( 1979): OnAppSwitchObserver: onAppEnter , info.targetName = com.google.android.packageinstaller
10-21 04:54:21.224 D/VRR [OPlusFrontAppManager]( 1979): packageName: com.google.android.packageinstaller
10-21 04:54:21.225 D/VRR [OPlusRefreshRateService]( 1979): handleFrontAppChange pkgName: com.google.android.packageinstaller
10-21 04:54:21.225 D/VRR [OPlusExternalRefreshRateManager]( 1979): setFrontPackageName pkgName: com.google.android.packageinstaller CurPkgName: null
10-21 04:54:21.228 W/ContextImpl( 8880): Calling a method in the system process without a qualified user: android.app.ContextImpl.startService:1819 android.content.ContextWrapper.startService:786 com.oplus.athena.action.dexopt.c.c:130 com.oplus.athena.action.dexopt.c.a:52 com.oplus.athena.d.a.a:75 
