10-21 04:54:21.231 D/OplusKeepAliveManager( 1979): TOP_APP is ProcessRecord{3dd99f5 26444:com.google.android.packageinstaller/u0a99} uid is 10099
10-21 04:54:21.231 E/OplusThermalStats( 1979): Error getting package info: com.google.android.packageinstaller
10-21 04:54:21.240 D/CompatibilityChangeReporter( 1979): Compat change id reported: 168419799; UID 1000; state: DISABLED
10-21 04:54:21.271 D/OplusGameRotationService( 1979): lockRotationInGame: change state to 0
10-21 04:54:21.283 W/ActivityManager( 1979): setGlThreads detect 26444 26460
10-21 04:54:21.301 I/ActivityTaskManager( 1979): START u0 {act=android.intent.action.VIEW dat=content://media/external/downloads/1000000011 typ=application/vnd.android.package-archive flg=0x2000001 cmp=com.google.android.packageinstaller/com.android.packageinstaller.InstallStaging (has extras) mCallingUid=10099} from uid 10099
10-21 04:54:21.303 D/OplusZoomWindowRUSConfigManager( 1979): isSupportZoomModeWithPolicyLocked: target = com.google.android.packageinstaller/com.android.packageinstaller.InstallStaging
10-21 04:54:21.303 D/OplusZoomWindowRUSConfigManager( 1979): targetPkg = com.google.android.packageinstaller
10-21 04:54:21.303 V/OplusZoomWindowManagerService( 1979): unSupportZoom: false ,callingPid: 26444 ,sourceStack: Task{47dede7 #740 type=standard A=10099:com.google.android.packageinstaller U=0 visible=true mode=fullscreen translucent=true sz=1}
10-21 04:54:21.308 D/CompactWindowManagerService( 1979): onOriginListAdded child: ActivityRecord{bd3b5db u0 com.google.android.packageinstaller/com.android.packageinstaller.InstallStaging t740}; parent: Task{47dede7 #740 type=standard A=10099:com.google.android.packageinstaller U=0 visible=true mode=fullscreen translucent=true sz=2}
10-21 04:54:21.309 D/TaskExtImpl( 1979): add ActivityRecord{bd3b5db u0 com.google.android.packageinstaller/com.android.packageinstaller.InstallStaging t740} to mActivityRecordSum = Counter{ com.google.android.packageinstaller/com.android.packageinstaller.InstallStaging(1) com.google.android.packageinstaller/com.android.packageinstaller.InstallStart(1) }
10-21 04:54:21.310 D/ActivityTaskManager( 1979): getStartingWindowType: newTask=false, taskSwitch=false, processRunning=true, allowTaskSnapshot=true, activityCreated=false, snapshot=null, record:ActivityRecord{bd3b5db u0 com.google.android.packageinstaller/com.android.packageinstaller.InstallStaging t740}
10-21 04:54:21.310 D/OplusZoomWindowRUSConfigManager( 1979): isSupportZoomModeWithPolicyLocked: target = com.google.android.packageinstaller/com.android.packageinstaller.InstallStaging
10-21 04:54:21.310 D/OplusZoomWindowRUSConfigManager( 1979): targetPkg = com.google.android.packageinstaller
10-21 04:54:21.311 V/OplusZoomWindowManagerService( 1979): unSupportZoom: false ,callingPid: 26444 ,sourceStack: Task{47dede7 #740 type=standard A=10099:com.google.android.packageinstaller U=0 visible=true mode=fullscreen translucent=true sz=2}
10-21 04:54:21.318 D/ActivityTaskManager( 1979): finishIfPossible mOpeningApps remove r=ActivityRecord{fc4dd94 u0 com.google.android.packageinstaller/com.android.packageinstaller.InstallStart t740 f}}
10-21 04:54:21.330 I/Quality (26444): ActivityThread: activityStart delay 55 com.google.android.packageinstaller 26444
10-21 04:54:21.332 I/ActivityTaskManager( 1979): The Process com.google.android.packageinstaller Already Exists in BG. So sending its PID: 26444
10-21 04:54:21.333 W/ActivityTaskManager( 1979): Tried to set launchTime (0) < mLastActivityLaunchTime (173751666)
10-21 04:54:21.334 D/OplusDexOptimizeManager( 1979): Do not in AppLaunchOptList!
10-21 04:54:21.336 I/OplusAppSwitchManager( 1979): notifyAppSwitch the same packageName!
10-21 04:54:21.355 E/OplusCustomizeRestrictionManager(26444): sInstance is null, start a new sInstance
10-21 04:54:21.376 D/OplusInputMethodUtil(26444): init DEBUG to false, update DEBUG_IME to false
10-21 04:54:21.376 D/OplusInputMethodUtil(26444): init DEBUG to false, update DEBUG_IME to false
10-21 04:54:21.378 D/CompatibilityChangeReporter( 1979): Compat change id reported: 182734110; UID 10099; state: ENABLED
10-21 04:54:21.428 V/WindowManager( 1979): Changing focus from null to Window{7fb669a u0 com.google.android.packageinstaller/com.android.packageinstaller.InstallStaging},diplayid=0
10-21 04:54:21.428 D/CompactWindowManagerService( 1979): notifyCompactWindowState task: Task{47dede7 #740 type=standard A=10099:com.google.android.packageinstaller U=0 visible=true mode=fullscreen translucent=true sz=2}; hasFocus: true
10-21 04:54:21.429 D/ActivityTaskManager( 1979): onWindowFocusChanged Task{47dede7 #740 type=standard A=10099:com.google.android.packageinstaller U=0 visible=true mode=fullscreen translucent=true sz=2} would transfer to compact
10-21 04:54:21.440 V/OplusZoomWindowDecorViewHelper(26444): setLastReportedMergedConfiguration mZoomDisplayHeight: 2400 getDecorView.220557877
10-21 04:54:21.446 D/CompatibilityChangeReporter( 1979): Compat change id reported: 158002302; UID 10099; state: ENABLED
10-21 04:54:21.497 I/Quality (26444): ActivityThread: setSurface delay 54  0
10-21 04:54:21.519 I/Quality (26444): Skipped: false 5 cost 96.88179 refreshRate 0 processName com.google.android.packageinstaller
10-21 04:54:21.526 D/CompactWindowManagerService( 1979): updateBackgroundSurface openingApp: ActivityRecord{bd3b5db u0 com.google.android.packageinstaller/com.android.packageinstaller.InstallStaging t740}
10-21 04:54:21.526 D/OplusSplitScreenManagerService( 1979): isDragToSplitState mOplusSpiltScreenDnDUI is null, just return!
10-21 04:54:21.527 V/OplusZoomWindowManagerService( 1979): onAnimationFinished:  r = ActivityRecord{bd3b5db u0 com.google.android.packageinstaller/com.android.packageinstaller.InstallStaging t740}
10-21 04:54:21.527 I/OplusAppSwitchManagerService( 1979):  handleAppVisible , r = ActivityRecord{bd3b5db u0 com.google.android.packageinstaller/com.android.packageinstaller.InstallStaging t740}
10-21 04:54:21.527 I/OplusAppSwitchManagerService( 1979):  handleAppVisible , r = ActivityRecord{bd3b5db u0 com.google.android.packageinstaller/com.android.packageinstaller.InstallStaging t740}
10-21 04:54:21.529 I/Quality ( 1979): LaunchTime2.0: com.google.android.packageinstaller/com.android.packageinstaller.InstallStaging 1 364
10-21 04:54:21.542 I/ActivityTaskManager( 1979): START u0 {act=android.intent.action.VIEW dat=file:///data/user_de/0/com.google.android.packageinstaller/no_backup/package481916057410436740.apk flg=0x2010001 cmp=com.google.android.packageinstaller/com.android.packageinstaller.DeleteStagedFileOnResult (has extras) mCallingUid=10099} from uid 10099
10-21 04:54:21.545 D/OplusZoomWindowRUSConfigManager( 1979): isSupportZoomModeWithPolicyLocked: target = com.google.android.packageinstaller/com.android.packageinstaller.DeleteStagedFileOnResult
10-21 04:54:21.545 D/OplusZoomWindowRUSConfigManager( 1979): targetPkg = com.google.android.packageinstaller
10-21 04:54:21.545 V/OplusZoomWindowManagerService( 1979): unSupportZoom: false ,callingPid: 26444 ,sourceStack: Task{47dede7 #740 type=standard A=10099:com.google.android.packageinstaller U=0 visible=true mode=fullscreen translucent=true sz=2}
10-21 04:54:21.552 D/CompactWindowManagerService( 1979): onOriginListAdded child: ActivityRecord{9caaa4a u0 com.google.android.packageinstaller/com.android.packageinstaller.DeleteStagedFileOnResult t740}; parent: Task{47dede7 #740 type=standard A=10099:com.google.android.packageinstaller U=0 visible=true mode=fullscreen translucent=true sz=3}
10-21 04:54:21.553 D/TaskExtImpl( 1979): add ActivityRecord{9caaa4a u0 com.google.android.packageinstaller/com.android.packageinstaller.DeleteStagedFileOnResult t740} to mActivityRecordSum = Counter{ com.google.android.packageinstaller/com.android.packageinstaller.InstallStaging(1) com.google.android.packageinstaller/com.android.packageinstaller.InstallStart(1) com.google.android.packageinstaller/com.android.packageinstaller.DeleteStagedFileOnResult(1) }
10-21 04:54:21.554 D/ActivityTaskManager( 1979): getStartingWindowType: newTask=false, taskSwitch=false, processRunning=true, allowTaskSnapshot=true, activityCreated=false, snapshot=null, record:ActivityRecord{9caaa4a u0 com.google.android.packageinstaller/com.android.packageinstaller.DeleteStagedFileOnResult t740}
10-21 04:54:21.554 D/OplusZoomWindowRUSConfigManager( 1979): isSupportZoomModeWithPolicyLocked: target = com.google.android.packageinstaller/com.android.packageinstaller.DeleteStagedFileOnResult
10-21 04:54:21.554 D/OplusZoomWindowRUSConfigManager( 1979): targetPkg = com.google.android.packageinstaller
10-21 04:54:21.554 V/OplusZoomWindowManagerService( 1979): unSupportZoom: false ,callingPid: 26444 ,sourceStack: Task{47dede7 #740 type=standard A=10099:com.google.android.packageinstaller U=0 visible=true mode=fullscreen translucent=true sz=3}
10-21 04:54:21.560 I/Quality (26444): Skipped: false 2 cost 37.831917 refreshRate 0 processName com.google.android.packageinstaller
10-21 04:54:21.567 I/ActivityTaskManager( 1979): The Process com.google.android.packageinstaller Already Exists in BG. So sending its PID: 26444
10-21 04:54:21.568 W/ActivityTaskManager( 1979): Tried to set launchTime (0) < mLastActivityLaunchTime (173751783)
10-21 04:54:21.569 D/OplusDexOptimizeManager( 1979): Do not in AppLaunchOptList!
10-21 04:54:21.575 I/OplusAppSwitchManager( 1979): notifyAppSwitch the same packageName!
10-21 04:54:21.577 V/WindowManager( 1979): Changing focus from Window{7fb669a u0 com.google.android.packageinstaller/com.android.packageinstaller.InstallStaging} to null,diplayid=0
10-21 04:54:21.577 D/CompactWindowManagerService( 1979): notifyCompactWindowState task: Task{47dede7 #740 type=standard A=10099:com.google.android.packageinstaller U=0 visible=true mode=fullscreen translucent=true sz=3}; hasFocus: false
10-21 04:54:21.589 D/TaskExtImpl( 1979): remove ActivityRecord{fc4dd94 u0 com.google.android.packageinstaller/com.android.packageinstaller.InstallStart t-1 f}} to mActivityRecordSum = Counter{ com.google.android.packageinstaller/com.android.packageinstaller.InstallStaging(1) com.google.android.packageinstaller/com.android.packageinstaller.DeleteStagedFileOnResult(1) }
10-21 04:54:21.599 I/ActivityTaskManager( 1979): START u0 {act=android.intent.action.VIEW dat=file:///data/user_de/0/com.google.android.packageinstaller/no_backup/package481916057410436740.apk flg=0x10000 cmp=com.google.android.packageinstaller/com.android.packageinstaller.PackageInstallerActivity (has extras) mCallingUid=10099} from uid 10099
10-21 04:54:21.600 D/OplusZoomWindowRUSConfigManager( 1979): isSupportZoomModeWithPolicyLocked: target = com.google.android.packageinstaller/com.android.packageinstaller.PackageInstallerActivity
10-21 04:54:21.600 D/OplusZoomWindowRUSConfigManager( 1979): targetPkg = com.google.android.packageinstaller
10-21 04:54:21.600 V/OplusZoomWindowManagerService( 1979): unSupportZoom: false ,callingPid: 26444 ,sourceStack: Task{47dede7 #740 type=standard A=10099:com.google.android.packageinstaller U=0 visible=true mode=fullscreen translucent=true sz=2}
10-21 04:54:21.602 D/CompactWindowManagerService( 1979): onOriginListAdded child: ActivityRecord{aa24208 u0 com.google.android.packageinstaller/com.android.packageinstaller.PackageInstallerActivity t740}; parent: Task{47dede7 #740 type=standard A=10099:com.google.android.packageinstaller U=0 visible=true mode=fullscreen translucent=true sz=3}
10-21 04:54:21.603 D/TaskExtImpl( 1979): add ActivityRecord{aa24208 u0 com.google.android.packageinstaller/com.android.packageinstaller.PackageInstallerActivity t740} to mActivityRecordSum = Counter{ com.google.android.packageinstaller/com.android.packageinstaller.InstallStaging(1) com.google.android.packageinstaller/com.android.packageinstaller.DeleteStagedFileOnResult(1) com.google.android.packageinstaller/com.android.packageinstaller.PackageInstallerActivity(1) }
10-21 04:54:21.603 D/ActivityTaskManager( 1979): getStartingWindowType: newTask=false, taskSwitch=false, processRunning=true, allowTaskSnapshot=true, activityCreated=false, snapshot=null, record:ActivityRecord{aa24208 u0 com.google.android.packageinstaller/com.android.packageinstaller.PackageInstallerActivity t740}
10-21 04:54:21.603 D/OplusZoomWindowRUSConfigManager( 1979): isSupportZoomModeWithPolicyLocked: target = com.google.android.packageinstaller/com.android.packageinstaller.PackageInstallerActivity
10-21 04:54:21.603 D/OplusZoomWindowRUSConfigManager( 1979): targetPkg = com.google.android.packageinstaller
10-21 04:54:21.604 V/OplusZoomWindowManagerService( 1979): unSupportZoom: false ,callingPid: 26444 ,sourceStack: Task{47dede7 #740 type=standard A=10099:com.google.android.packageinstaller U=0 visible=true mode=fullscreen translucent=true sz=3}
10-21 04:54:21.626 V/WindowManager( 1979): Changing focus from null to Window{222b787 u0 com.google.android.packageinstaller/com.android.packageinstaller.DeleteStagedFileOnResult},diplayid=0
10-21 04:54:21.626 D/CompactWindowManagerService( 1979): notifyCompactWindowState task: Task{47dede7 #740 type=standard A=10099:com.google.android.packageinstaller U=0 visible=true mode=fullscreen translucent=true sz=3}; hasFocus: true
10-21 04:54:21.626 D/ActivityTaskManager( 1979): onWindowFocusChanged Task{47dede7 #740 type=standard A=10099:com.google.android.packageinstaller U=0 visible=true mode=fullscreen translucent=true sz=3} would transfer to compact
10-21 04:54:21.632 V/OplusZoomWindowDecorViewHelper(26444): setLastReportedMergedConfiguration mZoomDisplayHeight: 2400 getDecorView.150276855
10-21 04:54:21.647 I/ActivityTaskManager( 1979): The Process com.google.android.packageinstaller Already Exists in BG. So sending its PID: 26444
10-21 04:54:21.647 W/ActivityTaskManager( 1979): Tried to set launchTime (0) < mLastActivityLaunchTime (173752018)
10-21 04:54:21.648 D/OplusDexOptimizeManager( 1979): Do not in AppLaunchOptList!
10-21 04:54:21.652 I/OplusAppSwitchManager( 1979): notifyAppSwitch the same packageName!
10-21 04:54:21.653 V/WindowManager( 1979): Changing focus from Window{222b787 u0 com.google.android.packageinstaller/com.android.packageinstaller.DeleteStagedFileOnResult} to null,diplayid=0
10-21 04:54:21.653 D/CompactWindowManagerService( 1979): notifyCompactWindowState task: Task{47dede7 #740 type=standard A=10099:com.google.android.packageinstaller U=0 visible=true mode=fullscreen translucent=true sz=3}; hasFocus: false
10-21 04:54:21.713 I/Quality (26444): Skipped: false 2 cost 40.502945 refreshRate 0 processName com.google.android.packageinstaller
10-21 04:54:21.721 V/WindowManager( 1979): Changing focus from null to Window{856e276 u0 com.google.android.packageinstaller/com.android.packageinstaller.PackageInstallerActivity},diplayid=0
10-21 04:54:21.722 D/CompactWindowManagerService( 1979): notifyCompactWindowState task: Task{47dede7 #740 type=standard A=10099:com.google.android.packageinstaller U=0 visible=true mode=fullscreen translucent=true sz=3}; hasFocus: true
10-21 04:54:21.722 D/ActivityTaskManager( 1979): onWindowFocusChanged Task{47dede7 #740 type=standard A=10099:com.google.android.packageinstaller U=0 visible=true mode=fullscreen translucent=true sz=3} would transfer to compact
10-21 04:54:21.724 D/CameraDelegate( 1979): handleMessage:200
10-21 04:54:21.729 V/OplusZoomWindowDecorViewHelper(26444): setLastReportedMergedConfiguration mZoomDisplayHeight: 2400 getDecorView.153779594
10-21 04:54:21.749 I/Quality (26444): Skipped: false 1 cost 26.934368 refreshRate 0 processName com.google.android.packageinstaller
10-21 04:54:21.757 D/CompactWindowManagerService( 1979): updateBackgroundSurface openingApp: ActivityRecord{9caaa4a u0 com.google.android.packageinstaller/com.android.packageinstaller.DeleteStagedFileOnResult t740}
10-21 04:54:21.757 D/CompactWindowManagerService( 1979): addSiblingToAnimationTargets:sibling = ActivityRecord{bd3b5db u0 com.google.android.packageinstaller/com.android.packageinstaller.InstallStaging t740 f}}; replacedMoveAnimation = -1
10-21 04:54:21.757 D/CompactWindowManagerService( 1979): addSiblingToAnimationTargets:sibling = ActivityRecord{bd3b5db u0 com.google.android.packageinstaller/com.android.packageinstaller.InstallStaging t740 f}}; replacedMoveAnimation = -1
10-21 04:54:21.757 D/OplusSplitScreenManagerService( 1979): isDragToSplitState mOplusSpiltScreenDnDUI is null, just return!
10-21 04:54:21.757 D/CompactWindowManagerService( 1979): addSiblingToAnimationTargets:sibling = ActivityRecord{bd3b5db u0 com.google.android.packageinstaller/com.android.packageinstaller.InstallStaging t740 f}}; replacedMoveAnimation = -1
10-21 04:54:21.765 V/OplusZoomWindowManagerService( 1979): onAnimationFinished:  r = ActivityRecord{9caaa4a u0 com.google.android.packageinstaller/com.android.packageinstaller.DeleteStagedFileOnResult t740}
10-21 04:54:21.766 I/OplusAppSwitchManagerService( 1979):  handleAppVisible , r = ActivityRecord{9caaa4a u0 com.google.android.packageinstaller/com.android.packageinstaller.DeleteStagedFileOnResult t740}
10-21 04:54:21.766 I/OplusAppSwitchManagerService( 1979):  handleAppVisible , r = ActivityRecord{9caaa4a u0 com.google.android.packageinstaller/com.android.packageinstaller.DeleteStagedFileOnResult t740}
10-21 04:54:21.767 V/OplusZoomWindowManagerService( 1979): onAnimationFinished:  r = ActivityRecord{aa24208 u0 com.google.android.packageinstaller/com.android.packageinstaller.PackageInstallerActivity t740}
10-21 04:54:21.767 I/OplusAppSwitchManagerService( 1979):  handleAppVisible , r = ActivityRecord{aa24208 u0 com.google.android.packageinstaller/com.android.packageinstaller.PackageInstallerActivity t740}
10-21 04:54:21.767 I/OplusAppSwitchManagerService( 1979):  handleAppVisible , r = ActivityRecord{aa24208 u0 com.google.android.packageinstaller/com.android.packageinstaller.PackageInstallerActivity t740}
10-21 04:54:21.769 I/Quality ( 1979): LaunchTime2.0: com.google.android.packageinstaller/com.android.packageinstaller.PackageInstallerActivity 2 210
10-21 04:54:21.782 D/OplusAthena( 1979): com.google.android.gm in recent lock list
10-21 04:54:21.810 V/OplusZoomWindowDecorViewHelper(26444): removeZoomView
10-21 04:54:21.939 D/TaskExtImpl( 1979): remove ActivityRecord{bd3b5db u0 com.google.android.packageinstaller/com.android.packageinstaller.InstallStaging t-1 f}} to mActivityRecordSum = Counter{ com.google.android.packageinstaller/com.android.packageinstaller.DeleteStagedFileOnResult(1) com.google.android.packageinstaller/com.android.packageinstaller.PackageInstallerActivity(1) }
10-21 04:54:22.876 I/ActivityTaskManager( 1979): START u0 {dat=file:///data/user_de/0/com.google.android.packageinstaller/no_backup/package481916057410436740.apk flg=0x2000000 cmp=com.google.android.packageinstaller/com.android.packageinstaller.InstallInstalling (has extras) mCallingUid=10099} from uid 10099
10-21 04:54:22.878 D/OplusZoomWindowRUSConfigManager( 1979): isSupportZoomModeWithPolicyLocked: target = com.google.android.packageinstaller/com.android.packageinstaller.InstallInstalling
10-21 04:54:22.878 D/OplusZoomWindowRUSConfigManager( 1979): targetPkg = com.google.android.packageinstaller
10-21 04:54:22.878 V/OplusZoomWindowManagerService( 1979): unSupportZoom: false ,callingPid: 26444 ,sourceStack: Task{47dede7 #740 type=standard A=10099:com.google.android.packageinstaller U=0 visible=true mode=fullscreen translucent=true sz=2}
10-21 04:54:22.883 D/CompactWindowManagerService( 1979): onOriginListAdded child: ActivityRecord{4d8d3d6 u0 com.google.android.packageinstaller/com.android.packageinstaller.InstallInstalling t740}; parent: Task{47dede7 #740 type=standard A=10099:com.google.android.packageinstaller U=0 visible=true mode=fullscreen translucent=true sz=3}
10-21 04:54:22.883 D/TaskExtImpl( 1979): add ActivityRecord{4d8d3d6 u0 com.google.android.packageinstaller/com.android.packageinstaller.InstallInstalling t740} to mActivityRecordSum = Counter{ com.google.android.packageinstaller/com.android.packageinstaller.DeleteStagedFileOnResult(1) com.google.android.packageinstaller/com.android.packageinstaller.InstallInstalling(1) com.google.android.packageinstaller/com.android.packageinstaller.PackageInstallerActivity(1) }
10-21 04:54:22.884 D/ActivityTaskManager( 1979): getStartingWindowType: newTask=false, taskSwitch=false, processRunning=true, allowTaskSnapshot=true, activityCreated=false, snapshot=null, record:ActivityRecord{4d8d3d6 u0 com.google.android.packageinstaller/com.android.packageinstaller.InstallInstalling t740}
10-21 04:54:22.884 D/OplusZoomWindowRUSConfigManager( 1979): isSupportZoomModeWithPolicyLocked: target = com.google.android.packageinstaller/com.android.packageinstaller.InstallInstalling
10-21 04:54:22.884 D/OplusZoomWindowRUSConfigManager( 1979): targetPkg = com.google.android.packageinstaller
10-21 04:54:22.884 V/OplusZoomWindowManagerService( 1979): unSupportZoom: false ,callingPid: 26444 ,sourceStack: Task{47dede7 #740 type=standard A=10099:com.google.android.packageinstaller U=0 visible=true mode=fullscreen translucent=true sz=3}
10-21 04:54:22.894 I/ActivityTaskManager( 1979): The Process com.google.android.packageinstaller Already Exists in BG. So sending its PID: 26444
10-21 04:54:22.894 W/ActivityTaskManager( 1979): Tried to set launchTime (0) < mLastActivityLaunchTime (173752098)
10-21 04:54:22.895 D/OplusDexOptimizeManager( 1979): Do not in AppLaunchOptList!
10-21 04:54:22.898 I/OplusAppSwitchManager( 1979): notifyAppSwitch the same packageName!
10-21 04:54:22.899 V/WindowManager( 1979): Changing focus from Window{856e276 u0 com.google.android.packageinstaller/com.android.packageinstaller.PackageInstallerActivity} to null,diplayid=0
10-21 04:54:22.899 D/CompactWindowManagerService( 1979): notifyCompactWindowState task: Task{47dede7 #740 type=standard A=10099:com.google.android.packageinstaller U=0 visible=true mode=fullscreen translucent=true sz=3}; hasFocus: false
10-21 04:54:22.962 I/Quality (26444): Skipped: false 2 cost 41.245007 refreshRate 0 processName com.google.android.packageinstaller
10-21 04:54:22.970 V/WindowManager( 1979): Changing focus from null to Window{2cbdde5 u0 com.google.android.packageinstaller/com.android.packageinstaller.InstallInstalling},diplayid=0
10-21 04:54:22.970 D/CompactWindowManagerService( 1979): notifyCompactWindowState task: Task{47dede7 #740 type=standard A=10099:com.google.android.packageinstaller U=0 visible=true mode=fullscreen translucent=true sz=3}; hasFocus: true
10-21 04:54:22.970 D/ActivityTaskManager( 1979): onWindowFocusChanged Task{47dede7 #740 type=standard A=10099:com.google.android.packageinstaller U=0 visible=true mode=fullscreen translucent=true sz=3} would transfer to compact
10-21 04:54:22.977 V/OplusZoomWindowDecorViewHelper(26444): setLastReportedMergedConfiguration mZoomDisplayHeight: 2400 getDecorView.69789778
10-21 04:54:22.984 D/PackageInstallerSessionExtImpl( 1979): no pre: undesired installer
10-21 04:54:22.992 D/CompactWindowManagerService( 1979): updateBackgroundSurface openingApp: ActivityRecord{4d8d3d6 u0 com.google.android.packageinstaller/com.android.packageinstaller.InstallInstalling t740}
10-21 04:54:22.992 D/CompactWindowManagerService( 1979): addSiblingToAnimationTargets:sibling = ActivityRecord{9caaa4a u0 com.google.android.packageinstaller/com.android.packageinstaller.DeleteStagedFileOnResult t740}; replacedMoveAnimation = -1
10-21 04:54:22.992 D/CompactWindowManagerService( 1979): addSiblingToAnimationTargets:sibling = ActivityRecord{aa24208 u0 com.google.android.packageinstaller/com.android.packageinstaller.PackageInstallerActivity t740 f}}; replacedMoveAnimation = -1
10-21 04:54:22.992 D/CompactWindowManagerService( 1979): addSiblingToAnimationTargets:sibling = ActivityRecord{9caaa4a u0 com.google.android.packageinstaller/com.android.packageinstaller.DeleteStagedFileOnResult t740}; replacedMoveAnimation = -1
10-21 04:54:22.992 D/CompactWindowManagerService( 1979): addSiblingToAnimationTargets:sibling = ActivityRecord{aa24208 u0 com.google.android.packageinstaller/com.android.packageinstaller.PackageInstallerActivity t740 f}}; replacedMoveAnimation = -1
10-21 04:54:22.992 D/CompactWindowManagerService( 1979): addSiblingToAnimationTargets:sibling = ActivityRecord{9caaa4a u0 com.google.android.packageinstaller/com.android.packageinstaller.DeleteStagedFileOnResult t740}; replacedMoveAnimation = -1
10-21 04:54:22.992 D/OplusSplitScreenManagerService( 1979): isDragToSplitState mOplusSpiltScreenDnDUI is null, just return!
10-21 04:54:22.993 D/CompactWindowManagerService( 1979): addSiblingToAnimationTargets:sibling = ActivityRecord{9caaa4a u0 com.google.android.packageinstaller/com.android.packageinstaller.DeleteStagedFileOnResult t740}; replacedMoveAnimation = -1
10-21 04:54:22.993 D/CompactWindowManagerService( 1979): addSiblingToAnimationTargets:sibling = ActivityRecord{aa24208 u0 com.google.android.packageinstaller/com.android.packageinstaller.PackageInstallerActivity t740 f}}; replacedMoveAnimation = -1
10-21 04:54:22.993 D/CompactWindowManagerService( 1979): addSiblingToAnimationTargets:sibling = ActivityRecord{9caaa4a u0 com.google.android.packageinstaller/com.android.packageinstaller.DeleteStagedFileOnResult t740}; replacedMoveAnimation = -1
10-21 04:54:22.998 V/OplusZoomWindowManagerService( 1979): onAnimationFinished:  r = ActivityRecord{4d8d3d6 u0 com.google.android.packageinstaller/com.android.packageinstaller.InstallInstalling t740}
10-21 04:54:22.998 I/OplusAppSwitchManagerService( 1979):  handleAppVisible , r = ActivityRecord{4d8d3d6 u0 com.google.android.packageinstaller/com.android.packageinstaller.InstallInstalling t740}
10-21 04:54:22.998 I/OplusAppSwitchManagerService( 1979):  handleAppVisible , r = ActivityRecord{4d8d3d6 u0 com.google.android.packageinstaller/com.android.packageinstaller.InstallInstalling t740}
10-21 04:54:23.000 I/Quality ( 1979): LaunchTime2.0: com.google.android.packageinstaller/com.android.packageinstaller.InstallInstalling 2 110
10-21 04:54:23.016 V/OplusZoomWindowDecorViewHelper(26444): removeZoomView
10-21 04:54:23.172 D/TaskExtImpl( 1979): remove ActivityRecord{aa24208 u0 com.google.android.packageinstaller/com.android.packageinstaller.PackageInstallerActivity t-1 f}} to mActivityRecordSum = Counter{ com.google.android.packageinstaller/com.android.packageinstaller.DeleteStagedFileOnResult(1) com.google.android.packageinstaller/com.android.packageinstaller.InstallInstalling(1) }
10-21 04:54:23.247 D/OplusAppListInterceptManager( 1979): shouldFilterTask
10-21 04:54:23.247 D/OplusAppListInterceptManager( 1979): shouldFilterTask::packageName = com.google.android.packageinstaller
10-21 04:54:23.247 D/OplusAppListInterceptManager( 1979): shouldFilterTask
10-21 04:54:23.247 D/OplusAppListInterceptManager( 1979): shouldFilterTask::packageName = com.android.chrome
10-21 04:54:23.247 D/OplusAppListInterceptManager( 1979): shouldFilterTask
10-21 04:54:23.247 D/OplusAppListInterceptManager( 1979): shouldFilterTask::packageName = com.oplus.camera
10-21 04:54:23.247 D/OplusAppListInterceptManager( 1979): shouldFilterTask
10-21 04:54:23.247 D/OplusAppListInterceptManager( 1979): shouldFilterTask::packageName = com.oppo.quicksearchbox
10-21 04:54:23.247 D/OplusAppListInterceptManager( 1979): shouldFilterTask
10-21 04:54:23.247 D/OplusAppListInterceptManager( 1979): shouldFilterTask::packageName = com.android.settings
10-21 04:54:23.248 D/OplusAthena( 1979): com.google.android.gm in recent lock list
10-21 04:54:23.248 D/OplusAppListInterceptManager( 1979): shouldFilterTask
10-21 04:54:23.248 D/OplusAppListInterceptManager( 1979): shouldFilterTask::packageName = com.google.android.gm
10-21 04:54:23.253 D/OplusAppListInterceptManager( 1979): shouldFilterTask
10-21 04:54:23.253 D/OplusAppListInterceptManager( 1979): shouldFilterTask::packageName = com.google.android.packageinstaller
10-21 04:54:23.253 D/OplusAppListInterceptManager( 1979): shouldFilterTask
10-21 04:54:23.253 D/OplusAppListInterceptManager( 1979): shouldFilterTask::packageName = com.android.chrome
10-21 04:54:23.254 D/OplusAppListInterceptManager( 1979): shouldFilterTask
10-21 04:54:23.254 D/OplusAppListInterceptManager( 1979): shouldFilterTask::packageName = com.oplus.camera
10-21 04:54:23.254 D/OplusAppListInterceptManager( 1979): shouldFilterTask
10-21 04:54:23.254 D/OplusAppListInterceptManager( 1979): shouldFilterTask::packageName = com.oppo.quicksearchbox
10-21 04:54:23.254 D/OplusAppListInterceptManager( 1979): shouldFilterTask
10-21 04:54:23.254 D/OplusAppListInterceptManager( 1979): shouldFilterTask::packageName = com.android.settings
10-21 04:54:23.254 D/OplusAthena( 1979): com.google.android.gm in recent lock list
10-21 04:54:23.254 D/OplusAppListInterceptManager( 1979): shouldFilterTask
10-21 04:54:23.254 D/OplusAppListInterceptManager( 1979): shouldFilterTask::packageName = com.google.android.gm
10-21 04:54:23.254 D/OplusAppListInterceptManager( 1979): shouldFilterTask
10-21 04:54:23.254 D/OplusAppListInterceptManager( 1979): shouldFilterTask::packageName = com.google.android.packageinstaller
10-21 04:54:23.254 D/OplusAppListInterceptManager( 1979): shouldFilterTask
10-21 04:54:23.254 D/OplusAppListInterceptManager( 1979): shouldFilterTask::packageName = com.android.chrome
10-21 04:54:23.254 D/OplusAppListInterceptManager( 1979): shouldFilterTask
10-21 04:54:23.254 D/OplusAppListInterceptManager( 1979): shouldFilterTask::packageName = com.oplus.camera
10-21 04:54:23.255 D/OplusAppListInterceptManager( 1979): shouldFilterTask
10-21 04:54:23.255 D/OplusAppListInterceptManager( 1979): shouldFilterTask::packageName = com.oppo.quicksearchbox
10-21 04:54:23.255 D/OplusAppListInterceptManager( 1979): shouldFilterTask
10-21 04:54:23.255 D/OplusAppListInterceptManager( 1979): shouldFilterTask::packageName = com.android.settings
10-21 04:54:23.255 D/OplusAthena( 1979): com.google.android.gm in recent lock list
10-21 04:54:23.255 D/OplusAppListInterceptManager( 1979): shouldFilterTask
10-21 04:54:23.255 D/OplusAppListInterceptManager( 1979): shouldFilterTask::packageName = com.google.android.gm
10-21 04:54:23.256 E/OplusAthenaAm( 1979): AthenaAmManagerInternal transact code hello:4,flags:0
10-21 04:54:23.256 E/OplusAthenaAm( 1979): AthenaAmManagerInternal transact code hello:4,flags:0
10-21 04:54:23.256 E/OplusAthenaAm( 1979): AthenaAmManagerInternal transact code hello:4,flags:0
10-21 04:54:23.297 I/ActivityManager( 1979): Process com.android.providers.partnerbookmarks (pid 25899) has died: prev LAST
10-21 04:54:23.326 W/ContextImpl( 1979): Calling a method in the system process without a qualified user: android.app.ContextImpl.sendBroadcast:1175 com.android.server.am.OplusExtraActivityManagerService.setKeyLockModeNormal:51 com.android.server.am.ActivityManagerServiceExtImpl.setKeyLockModeNormal:851 com.android.server.am.ActivityManagerService.appDiedLocked:3387 com.android.server.am.ActivityManagerService$AppDeathRecipient.binderDied:1529 
10-21 04:54:23.603 D/OplusInstallAccelerateManager( 1979): startAccelerate()
10-21 04:54:23.603 D/OplusInstallAccelerateManager( 1979): operateCpuBouncingIfNeeded()
10-21 04:54:23.603 D/OplusInstallAccelerateManager( 1979): originatingPackageName = com.android.chrome
10-21 04:54:23.603 D/OplusInstallAccelerateManager( 1979): initiatingPackageName = com.google.android.packageinstaller
10-21 04:54:23.603 D/OplusInstallAccelerateManager( 1979): installerPackageName = com.android.chrome
10-21 04:54:23.603 D/OplusInstallAccelerateManager( 1979): disableCpuBouncing()
10-21 04:54:23.611 D/PackageInstallerSessionExtImpl( 1979): not get pre-parsed ret
10-21 04:54:23.771 D/CompatibilityChangeReporter( 1979): Compat change id reported: 168419799; UID 10164; state: DISABLED
10-21 04:54:23.823 I/PackageManager( 1979): Integrity check passed for file:///data/app/vmdl597911046.tmp
10-21 04:54:24.935 D/OplusOsPackageManager( 1979): needVerifyInstall installerPackageName,com.android.chrome
10-21 04:54:24.937 D/PackageManager( 1979): installStage com.amako.shop, dir=/data/app/vmdl597911046.tmp, installerPackageName=com.android.chrome, installerUid=10099, full=false
10-21 04:54:24.941 D/PackageManager( 1979): installStage com.amako.shop0
10-21 04:54:24.944 D/OplusDexOptimizeManager( 1979): Try to protect stablebility exclude install 
10-21 04:54:24.948 D/PackageManager( 1979): installStage use for0
10-21 04:54:24.950 D/OplusDexOptimizeManager( 1979): Try to protect stablebility.. 
10-21 04:54:24.996 D/OplusDexOptimizeManager( 1979): can not detect dex2oat...
10-21 04:54:24.996 D/OplusDexOptimizeManager( 1979): can not detect dex2oat...
10-21 04:54:24.996 E/PackageManager( 1979): Fix up user restrict data of pkg: com.amako.shop
10-21 04:54:25.051 I/GameManagerServiceExt( 1979): re: 2, Bundle[mParcelledData.dataSize=3496] .
10-21 04:54:25.051 W/GameManagerServiceExt( 1979): unknown: 2
10-21 04:54:25.062 I/PackageManager( 1979): Permission ownership changed. Updating all permissions.
10-21 04:54:25.064 D/OplusSensitivePermGrantPolicyManager( 1979): allow refined permission com.oppo.permission.safe.SAU for com.coloros.backuprestore
10-21 04:54:25.064 D/OplusSensitivePermGrantPolicyManager( 1979): allow refined permission oppo.permission.OPPO_COMPONENT_SAFE for com.coloros.backuprestore
10-21 04:54:25.064 D/OplusSensitivePermGrantPolicyManager( 1979): allow refined permission com.oppo.permission.safe.BACKUP for com.coloros.backuprestore
10-21 04:54:25.065 D/OplusSensitivePermGrantPolicyManager( 1979): allow refined permission com.oppo.permission.safe.SECURITY for com.coloros.backuprestore
10-21 04:54:25.065 D/OplusSensitivePermGrantPolicyManager( 1979): allow refined permission oplus.permission.OPLUS_COMPONENT_SAFE for com.coloros.backuprestore
10-21 04:54:25.065 D/OplusSensitivePermGrantPolicyManager( 1979): allow refined permission com.oplus.permission.safe.LOG for com.coloros.backuprestore
10-21 04:54:25.065 D/OplusSensitivePermGrantPolicyManager( 1979): allow refined permission com.oplus.permission.safe.AI_APP for com.coloros.backuprestore
10-21 04:54:25.065 D/OplusSensitivePermGrantPolicyManager( 1979): allow refined permission com.oplus.permission.safe.BACKUP for com.coloros.backuprestore
10-21 04:54:25.065 D/OplusSensitivePermGrantPolicyManager( 1979): allow refined permission com.oplus.permission.safe.SECURITY for com.coloros.backuprestore
10-21 04:54:25.065 D/OplusSensitivePermGrantPolicyManager( 1979): allow refined permission com.oppo.permission.safe.LOG for com.coloros.backuprestore
10-21 04:54:25.065 D/OplusSensitivePermGrantPolicyManager( 1979): allow refined permission com.oplus.permission.safe.SAU for com.coloros.backuprestore
10-21 04:54:25.065 D/OplusSensitivePermGrantPolicyManager( 1979): allow refined permission com.oppo.permission.safe.AI_APP for com.coloros.backuprestore
10-21 04:54:25.072 D/OplusSensitivePermGrantPolicyManager( 1979): allow refined permission oppo.permission.OPPO_COMPONENT_SAFE for com.heytap.pictorial
10-21 04:54:25.072 D/OplusSensitivePermGrantPolicyManager( 1979): allow refined permission oplus.permission.OPLUS_COMPONENT_SAFE for com.heytap.pictorial
10-21 04:54:25.072 D/OplusSensitivePermGrantPolicyManager( 1979): allow refined permission com.oplus.permission.safe.SECURITY for com.heytap.pictorial
10-21 04:54:25.072 D/OplusSensitivePermGrantPolicyManager( 1979): allow refined permission com.oppo.permission.safe.SECURITY for com.heytap.pictorial
10-21 04:54:25.072 D/OplusSensitivePermGrantPolicyManager( 1979): allow refined permission com.oppo.permission.safe.SETTINGS for com.heytap.pictorial
10-21 04:54:25.072 D/OplusSensitivePermGrantPolicyManager( 1979): allow refined permission com.oplus.permission.safe.SETTINGS for com.heytap.pictorial
10-21 04:54:25.073 D/OplusSensitivePermGrantPolicyManager( 1979): allow refined permission com.oplus.permission.safe.WINDOW for com.heytap.pictorial
10-21 04:54:25.073 D/OplusSensitivePermGrantPolicyManager( 1979): allow refined permission com.oplus.permission.safe.SAU for com.heytap.pictorial
10-21 04:54:25.073 D/OplusSensitivePermGrantPolicyManager( 1979): allow refined permission com.oppo.permission.safe.SAU for com.heytap.pictorial
10-21 04:54:25.073 D/OplusSensitivePermGrantPolicyManager( 1979): allow refined permission com.oplus.permission.safe.APP_MANAGER for com.heytap.pictorial
10-21 04:54:25.073 D/OplusSensitivePermGrantPolicyManager( 1979): allow refined permission com.oplus.permission.safe.SETTINGS_SEARCH for com.heytap.pictorial
10-21 04:54:25.073 D/OplusSensitivePermGrantPolicyManager( 1979): allow refined permission com.oplus.permission.safe.LOG for com.heytap.pictorial
10-21 04:54:25.073 D/OplusSensitivePermGrantPolicyManager( 1979): allow refined permission com.oppo.permission.safe.LOG for com.heytap.pictorial
10-21 04:54:25.073 D/OplusSensitivePermGrantPolicyManager( 1979): allow refined permission com.oppo.permission.safe.APP_MANAGER for com.heytap.pictorial
10-21 04:54:25.073 D/OplusSensitivePermGrantPolicyManager( 1979): allow refined permission com.oppo.permission.safe.SETTINGS_SEARCH for com.heytap.pictorial
10-21 04:54:25.074 D/OplusSensitivePermGrantPolicyManager( 1979): allow refined permission oppo.permission.OPPO_COMPONENT_SAFE for com.coloros.smartsidebar
10-21 04:54:25.074 D/OplusSensitivePermGrantPolicyManager( 1979): allow refined permission com.oppo.permission.safe.PICTURE for com.coloros.smartsidebar
10-21 04:54:25.074 D/OplusSensitivePermGrantPolicyManager( 1979): allow refined permission com.oppo.permission.safe.LOG for com.coloros.smartsidebar
10-21 04:54:25.074 D/OplusSensitivePermGrantPolicyManager( 1979): allow refined permission com.oppo.permission.safe.SAU for com.coloros.smartsidebar
10-21 04:54:25.075 D/OplusSensitivePermGrantPolicyManager( 1979): allow refined permission com.oppo.permission.safe.SECURITY for com.coloros.smartsidebar
10-21 04:54:25.075 D/OplusSensitivePermGrantPolicyManager( 1979): allow refined permission com.oplus.permission.safe.SECURITY for com.coloros.smartsidebar
10-21 04:54:25.075 D/OplusSensitivePermGrantPolicyManager( 1979): allow refined permission com.oppo.permission.safe.APP_MANAGER for com.coloros.smartsidebar
10-21 04:54:25.075 D/OplusSensitivePermGrantPolicyManager( 1979): allow refined permission oplus.permission.OPLUS_COMPONENT_SAFE for com.coloros.smartsidebar
10-21 04:54:25.075 D/OplusSensitivePermGrantPolicyManager( 1979): allow refined permission com.oplus.permission.safe.LOG for com.coloros.smartsidebar
10-21 04:54:25.075 D/OplusSensitivePermGrantPolicyManager( 1979): allow refined permission com.oplus.permission.safe.APP_MANAGER for com.coloros.smartsidebar
10-21 04:54:25.075 D/OplusSensitivePermGrantPolicyManager( 1979): allow refined permission com.oplus.permission.safe.PICTURE for com.coloros.smartsidebar
10-21 04:54:25.075 D/OplusSensitivePermGrantPolicyManager( 1979): allow refined permission com.oplus.permission.safe.SAU for com.coloros.smartsidebar
10-21 04:54:25.076 D/OplusSensitivePermGrantPolicyManager( 1979): allow refined permission oppo.permission.OPPO_COMPONENT_SAFE for com.coloros.karaoke
10-21 04:54:25.076 D/OplusSensitivePermGrantPolicyManager( 1979): allow refined permission com.oppo.permission.safe.SECURITY for com.coloros.karaoke
10-21 04:54:25.076 D/OplusSensitivePermGrantPolicyManager( 1979): allow refined permission com.oplus.permission.safe.SECURITY for com.coloros.karaoke
10-21 04:54:25.076 D/OplusSensitivePermGrantPolicyManager( 1979): allow refined permission oplus.permission.OPLUS_COMPONENT_SAFE for com.coloros.karaoke
10-21 04:54:25.077 D/OplusSensitivePermGrantPolicyManager( 1979): allow refined permission oplus.permission.OPLUS_COMPONENT_SAFE for com.heytap.cloud
10-21 04:54:25.077 D/OplusSensitivePermGrantPolicyManager( 1979): allow refined permission com.oppo.permission.safe.BACKUP for com.heytap.cloud
10-21 04:54:25.077 D/OplusSensitivePermGrantPolicyManager( 1979): allow refined permission com.oplus.permission.safe.CLOUD for com.heytap.cloud
10-21 04:54:25.077 D/OplusSensitivePermGrantPolicyManager( 1979): allow refined permission com.oplus.permission.safe.PRIVATE for com.heytap.cloud
10-21 04:54:25.077 D/OplusSensitivePermGrantPolicyManager( 1979): allow refined permission com.oplus.permission.safe.SECURITY for com.heytap.cloud
10-21 04:54:25.078 D/OplusSensitivePermGrantPolicyManager( 1979): allow refined permission com.oplus.permission.safe.BACKUP for com.heytap.cloud
10-21 04:54:25.078 D/OplusSensitivePermGrantPolicyManager( 1979): allow refined permission com.oppo.permission.safe.CLOUD for com.heytap.cloud
10-21 04:54:25.078 D/OplusSensitivePermGrantPolicyManager( 1979): allow refined permission com.oppo.permission.safe.SECURITY for com.heytap.cloud
10-21 04:54:25.078 D/OplusSensitivePermGrantPolicyManager( 1979): allow refined permission com.oppo.permission.safe.PRIVATE for com.heytap.cloud
10-21 04:54:25.078 D/OplusSensitivePermGrantPolicyManager( 1979): allow refined permission oppo.permission.OPPO_COMPONENT_SAFE for com.heytap.cloud
10-21 04:54:25.078 D/OplusSensitivePermGrantPolicyManager( 1979): allow refined permission oplus.permission.OPLUS_COMPONENT_SAFE for com.heytap.music
10-21 04:54:25.079 D/OplusSensitivePermGrantPolicyManager( 1979): allow refined permission com.oppo.permission.safe.SAU for com.heytap.music
10-21 04:54:25.079 D/OplusSensitivePermGrantPolicyManager( 1979): allow refined permission com.oplus.permission.safe.SAU for com.heytap.music
10-21 04:54:25.079 D/OplusSensitivePermGrantPolicyManager( 1979): allow refined permission oppo.permission.OPPO_COMPONENT_SAFE for com.heytap.music
10-21 04:54:25.080 D/OplusSensitivePermGrantPolicyManager( 1979): allow refined permission oppo.permission.OPPO_COMPONENT_SAFE for com.oppoex.afterservice
10-21 04:54:25.080 D/OplusSensitivePermGrantPolicyManager( 1979): allow refined permission oplus.permission.OPLUS_COMPONENT_SAFE for com.oppoex.afterservice
10-21 04:54:25.080 D/OplusSensitivePermGrantPolicyManager( 1979): allow refined permission oppo.permission.OPPO_COMPONENT_SAFE for com.oppo.operationManual
10-21 04:54:25.080 D/OplusSensitivePermGrantPolicyManager( 1979): allow refined permission oplus.permission.OPLUS_COMPONENT_SAFE for com.oppo.operationManual
10-21 04:54:25.080 D/OplusSensitivePermGrantPolicyManager( 1979): allow refined permission oplus.permission.OPLUS_COMPONENT_SAFE for com.oplus.screenrecorder
10-21 04:54:25.080 D/OplusSensitivePermGrantPolicyManager( 1979): allow refined permission com.oplus.permission.safe.SAU for com.oplus.screenrecorder
10-21 04:54:25.081 D/OplusSensitivePermGrantPolicyManager( 1979): allow refined permission com.oplus.permission.safe.SECURITY for com.oplus.screenrecorder
10-21 04:54:25.081 D/OplusSensitivePermGrantPolicyManager( 1979): allow refined permission com.oplus.permission.safe.PICTURE for com.oplus.screenrecorder
10-21 04:54:25.081 D/OplusSensitivePermGrantPolicyManager( 1979): allow refined permission com.oppo.permission.safe.PRIVATE for com.oplus.screenrecorder
10-21 04:54:25.081 D/OplusSensitivePermGrantPolicyManager( 1979): allow refined permission com.oppo.permission.safe.SECURITY for com.oplus.screenrecorder
10-21 04:54:25.081 D/OplusSensitivePermGrantPolicyManager( 1979): allow refined permission com.oppo.permission.safe.PICTURE for com.oplus.screenrecorder
10-21 04:54:25.081 D/OplusSensitivePermGrantPolicyManager( 1979): allow refined permission com.oplus.permission.safe.PRIVATE for com.oplus.screenrecorder
10-21 04:54:25.081 D/OplusSensitivePermGrantPolicyManager( 1979): allow refined permission oppo.permission.OPPO_COMPONENT_SAFE for com.oplus.screenrecorder
10-21 04:54:25.081 D/OplusSensitivePermGrantPolicyManager( 1979): allow refined permission com.oppo.permission.safe.SAU for com.oplus.screenrecorder
10-21 04:54:25.082 D/OplusSensitivePermGrantPolicyManager( 1979): allow refined permission com.oppo.permission.safe.SECURITY for com.coloros.healthcheck
10-21 04:54:25.082 D/OplusSensitivePermGrantPolicyManager( 1979): allow refined permission oppo.permission.OPPO_COMPONENT_SAFE for com.coloros.healthcheck
10-21 04:54:25.082 D/OplusSensitivePermGrantPolicyManager( 1979): allow refined permission oplus.permission.OPLUS_COMPONENT_SAFE for com.coloros.healthcheck
10-21 04:54:25.082 D/OplusSensitivePermGrantPolicyManager( 1979): allow refined permission com.oppo.permission.safe.SAU for com.coloros.healthcheck
10-21 04:54:25.082 D/OplusSensitivePermGrantPolicyManager( 1979): allow refined permission com.oppo.permission.safe.SETTINGS for com.coloros.healthcheck
10-21 04:54:25.082 D/OplusSensitivePermGrantPolicyManager( 1979): allow refined permission com.oplus.permission.safe.SECURITY for com.coloros.healthcheck
10-21 04:54:25.082 D/OplusSensitivePermGrantPolicyManager( 1979): allow refined permission com.oplus.permission.safe.SAU for com.coloros.healthcheck
10-21 04:54:25.082 D/OplusSensitivePermGrantPolicyManager( 1979): allow refined permission com.oplus.permission.safe.SETTINGS for com.coloros.healthcheck
10-21 04:54:25.083 D/OplusSensitivePermGrantPolicyManager( 1979): allow refined permission oppo.permission.OPPO_COMPONENT_SAFE for com.coloros.weather.service
10-21 04:54:25.083 D/OplusSensitivePermGrantPolicyManager( 1979): allow refined permission com.oppo.permission.safe.SECURITY for com.coloros.weather.service
10-21 04:54:25.083 D/OplusSensitivePermGrantPolicyManager( 1979): allow refined permission com.oplus.permission.safe.AI_APP for com.coloros.weather.service
10-21 04:54:25.083 D/OplusSensitivePermGrantPolicyManager( 1979): allow refined permission oplus.permission.OPLUS_COMPONENT_SAFE for com.coloros.weather.service
10-21 04:54:25.083 D/OplusSensitivePermGrantPolicyManager( 1979): allow refined permission com.oplus.permission.safe.SECURITY for com.coloros.weather.service
10-21 04:54:25.083 D/OplusSensitivePermGrantPolicyManager( 1979): allow refined permission com.oppo.permission.safe.AI_APP for com.coloros.weather.service
10-21 04:54:25.084 D/OplusSensitivePermGrantPolicyManager( 1979): allow refined permission oplus.permission.OPLUS_COMPONENT_SAFE for com.android.providers.downloads
10-21 04:54:25.084 D/OplusSensitivePermGrantPolicyManager( 1979): allow refined permission oppo.permission.OPPO_COMPONENT_SAFE for com.android.providers.downloads
10-21 04:54:25.084 D/OplusSensitivePermGrantPolicyManager( 1979): allow refined permission oplus.permission.OPLUS_COMPONENT_SAFE for com.oplus.interconnectcollectkit
10-21 04:54:25.085 D/OplusSensitivePermGrantPolicyManager( 1979): allow refined permission com.oplus.permission.safe.LOG for com.oplus.interconnectcollectkit
10-21 04:54:25.085 D/OplusSensitivePermGrantPolicyManager( 1979): allow refined permission com.oppo.permission.safe.LOG for com.oplus.interconnectcollectkit
10-21 04:54:25.085 D/OplusSensitivePermGrantPolicyManager( 1979): allow refined permission oppo.permission.OPPO_COMPONENT_SAFE for com.oplus.interconnectcollectkit
10-21 04:54:25.085 D/OplusSensitivePermGrantPolicyManager( 1979): allow refined permission oplus.permission.OPLUS_COMPONENT_SAFE for com.oplus.apprecover
10-21 04:54:25.085 D/OplusSensitivePermGrantPolicyManager( 1979): allow refined permission com.oplus.permission.safe.SAU for com.oplus.apprecover
10-21 04:54:25.085 D/OplusSensitivePermGrantPolicyManager( 1979): allow refined permission com.oplus.permission.safe.SECURITY for com.oplus.apprecover
10-21 04:54:25.085 D/OplusSensitivePermGrantPolicyManager( 1979): allow refined permission com.oppo.permission.safe.SECURITY for com.oplus.apprecover
10-21 04:54:25.085 D/OplusSensitivePermGrantPolicyManager( 1979): allow refined permission oppo.permission.OPPO_COMPONENT_SAFE for com.oplus.apprecover
10-21 04:54:25.086 D/OplusSensitivePermGrantPolicyManager( 1979): allow refined permission com.oppo.permission.safe.SAU for com.oplus.apprecover
10-21 04:54:25.086 D/OplusSensitivePermGrantPolicyManager( 1979): allow refined permission com.oplus.permission.safe.SECURITY for com.mediatek.omacp
10-21 04:54:25.086 D/OplusSensitivePermGrantPolicyManager( 1979): allow refined permission oplus.permission.OPLUS_COMPONENT_SAFE for com.mediatek.omacp
10-21 04:54:25.086 D/OplusSensitivePermGrantPolicyManager( 1979): allow refined permission com.oppo.permission.safe.SECURITY for com.mediatek.omacp
10-21 04:54:25.086 D/OplusSensitivePermGrantPolicyManager( 1979): allow refined permission oppo.permission.OPPO_COMPONENT_SAFE for com.mediatek.omacp
10-21 04:54:25.087 D/OplusSensitivePermGrantPolicyManager( 1979): allow refined permission com.oplus.permission.safe.SETTINGS for com.oplus.aod
10-21 04:54:25.087 D/OplusSensitivePermGrantPolicyManager( 1979): allow refined permission com.oplus.permission.safe.SECURITY for com.oplus.aod
10-21 04:54:25.087 D/OplusSensitivePermGrantPolicyManager( 1979): allow refined permission com.oplus.permission.safe.SETTINGS_SEARCH for com.oplus.aod
10-21 04:54:25.087 D/OplusSensitivePermGrantPolicyManager( 1979): allow refined permission com.oplus.permission.safe.KEYGUARD for com.oplus.aod
10-21 04:54:25.087 D/OplusSensitivePermGrantPolicyManager( 1979): allow refined permission oplus.permission.OPLUS_COMPONENT_SAFE for com.oplus.aod
10-21 04:54:25.087 D/OplusSensitivePermGrantPolicyManager( 1979): allow refined permission com.oppo.permission.safe.KEYGUARD for com.oplus.aod
10-21 04:54:25.087 D/OplusSensitivePermGrantPolicyManager( 1979): allow refined permission com.oppo.permission.safe.SECURITY for com.oplus.aod
10-21 04:54:25.087 D/OplusSensitivePermGrantPolicyManager( 1979): allow refined permission oppo.permission.OPPO_COMPONENT_SAFE for com.oplus.aod
10-21 04:54:25.087 D/OplusSensitivePermGrantPolicyManager( 1979): allow refined permission com.oppo.permission.safe.SETTINGS_SEARCH for com.oplus.aod
10-21 04:54:25.087 D/OplusSensitivePermGrantPolicyManager( 1979): allow refined permission com.oppo.permission.safe.SETTINGS for com.oplus.aod
10-21 04:54:25.088 D/OplusSensitivePermGrantPolicyManager( 1979): allow refined permission com.oplus.permission.safe.SAU for com.oplus.pay
